2026-08-22 22:39:57 [main] INFO  com.mcotools.mco.McoApplication - Starting McoApplication using Java 23.0.2 with PID 9360 (C:\Users\zizom\OneDrive\Escritorio\MCOtools\mco\target\classes started by mouad in C:\Users\zizom\OneDrive\Escritorio\MCOtools\mco)
2026-08-22 22:39:57 [main] DEBUG com.mcotools.mco.McoApplication - Running with Spring Boot v4.1.0, Spring v7.0.8
2026-08-22 22:39:57 [main] INFO  com.mcotools.mco.McoApplication - No active profile set, falling back to 1 default profile: "default"
2026-08-22 22:40:03 [main] ERROR o.s.o.j.LocalContainerEntityManagerFactoryBean - Failed to initialize JPA EntityManagerFactory: Unable to build Hibernate SessionFactory  [persistence unit: default] ; nested exception is org.hibernate.tool.schema.spi.SchemaManagementException: Schema validation: missing column [flow] in table [request]
2026-08-22 22:40:03 [main] WARN  o.s.b.w.s.s.c.AnnotationConfigServletWebServerApplicationContext - Exception encountered during context initialization - cancelling refresh attempt: org.springframework.beans.factory.BeanCreationException: Error creating bean with name 'entityManagerFactory' defined in class path resource [org/springframework/boot/hibernate/autoconfigure/HibernateJpaConfiguration.class]: Unable to build Hibernate SessionFactory  [persistence unit: default] ; nested exception is org.hibernate.tool.schema.spi.SchemaManagementException: Schema validation: missing column [flow] in table [request]
2026-08-22 22:40:03 [main] ERROR o.s.boot.SpringApplication - Application run failed
org.springframework.beans.factory.BeanCreationException: Error creating bean with name 'entityManagerFactory' defined in class path resource [org/springframework/boot/hibernate/autoconfigure/HibernateJpaConfiguration.class]: Unable to build Hibernate SessionFactory  [persistence unit: default] ; nested exception is org.hibernate.tool.schema.spi.SchemaManagementException: Schema validation: missing column [flow] in table [request]
	at org.springframework.beans.factory.support.AbstractAutowireCapableBeanFactory.initializeBean(AbstractAutowireCapableBeanFactory.java:1815)
	at org.springframework.beans.factory.support.AbstractAutowireCapableBeanFactory.doCreateBean(AbstractAutowireCapableBeanFactory.java:603)
	at org.springframework.beans.factory.support.AbstractAutowireCapableBeanFactory.createBean(AbstractAutowireCapableBeanFactory.java:525)
	at org.springframework.beans.factory.support.AbstractBeanFactory.lambda$doGetBean$0(AbstractBeanFactory.java:333)
	at org.springframework.beans.factory.support.DefaultSingletonBeanRegistry.getSingleton(DefaultSingletonBeanRegistry.java:371)
	at org.springframework.beans.factory.support.AbstractBeanFactory.doGetBean(AbstractBeanFactory.java:331)
	at org.springframework.beans.factory.support.AbstractBeanFactory.getBean(AbstractBeanFactory.java:201)
	at org.springframework.context.support.AbstractApplicationContext.finishBeanFactoryInitialization(AbstractApplicationContext.java:977)
	at org.springframework.context.support.AbstractApplicationContext.refresh(AbstractApplicationContext.java:621)
	at org.springframework.boot.web.server.servlet.context.ServletWebServerApplicationContext.refresh(ServletWebServerApplicationContext.java:143)
	at org.springframework.boot.SpringApplication.refresh(SpringApplication.java:756)
	at org.springframework.boot.SpringApplication.refreshContext(SpringApplication.java:445)
	at org.springframework.boot.SpringApplication.run(SpringApplication.java:321)
	at org.springframework.boot.SpringApplication.run(SpringApplication.java:1365)
	at org.springframework.boot.SpringApplication.run(SpringApplication.java:1354)
	at com.mcotools.mco.McoApplication.main(McoApplication.java:21)
Caused by: jakarta.persistence.PersistenceException: Unable to build Hibernate SessionFactory  [persistence unit: default] ; nested exception is org.hibernate.tool.schema.spi.SchemaManagementException: Schema validation: missing column [flow] in table [request]
	at org.springframework.orm.jpa.AbstractEntityManagerFactoryBean.buildNativeEntityManagerFactory(AbstractEntityManagerFactoryBean.java:448)
	at org.springframework.orm.jpa.AbstractEntityManagerFactoryBean.afterPropertiesSet(AbstractEntityManagerFactoryBean.java:411)
	at org.springframework.orm.jpa.LocalContainerEntityManagerFactoryBean.afterPropertiesSet(LocalContainerEntityManagerFactoryBean.java:419)
	at org.springframework.beans.factory.support.AbstractAutowireCapableBeanFactory.invokeInitMethods(AbstractAutowireCapableBeanFactory.java:1862)
	at org.springframework.beans.factory.support.AbstractAutowireCapableBeanFactory.initializeBean(AbstractAutowireCapableBeanFactory.java:1811)
	... 15 common frames omitted
Caused by: org.hibernate.tool.schema.spi.SchemaManagementException: Schema validation: missing column [flow] in table [request]
	at org.hibernate.tool.schema.internal.AbstractSchemaValidator.validateTable(AbstractSchemaValidator.java:141)
	at org.hibernate.tool.schema.internal.GroupedSchemaValidatorImpl.validateTables(GroupedSchemaValidatorImpl.java:42)
	at org.hibernate.tool.schema.internal.AbstractSchemaValidator.performValidation(AbstractSchemaValidator.java:97)
	at org.hibernate.tool.schema.internal.AbstractSchemaValidator.doValidation(AbstractSchemaValidator.java:75)
	at org.hibernate.tool.schema.spi.SchemaManagementToolCoordinator.performDatabaseAction(SchemaManagementToolCoordinator.java:278)
	at org.hibernate.tool.schema.spi.SchemaManagementToolCoordinator.lambda$process$1(SchemaManagementToolCoordinator.java:101)
	at java.base/java.util.HashMap.forEach(HashMap.java:1430)
	at org.hibernate.tool.schema.spi.SchemaManagementToolCoordinator.process(SchemaManagementToolCoordinator.java:100)
	at org.hibernate.boot.internal.SessionFactoryObserverForSchemaExport.sessionFactoryCreated(SessionFactoryObserverForSchemaExport.java:35)
	at org.hibernate.internal.SessionFactoryObserverChain.sessionFactoryCreated(SessionFactoryObserverChain.java:33)
	at org.hibernate.internal.SessionFactoryImpl.<init>(SessionFactoryImpl.java:327)
	at org.hibernate.internal.SessionFactoryRegistry.instantiateSessionFactory(SessionFactoryRegistry.java:64)
	at org.hibernate.boot.internal.SessionFactoryBuilderImpl.build(SessionFactoryBuilderImpl.java:458)
	at org.hibernate.jpa.boot.internal.EntityManagerFactoryBuilderImpl.build(EntityManagerFactoryBuilderImpl.java:1452)
	at org.springframework.orm.jpa.vendor.SpringHibernateJpaPersistenceProvider.createContainerEntityManagerFactory(SpringHibernateJpaPersistenceProvider.java:93)
	at org.springframework.orm.jpa.LocalContainerEntityManagerFactoryBean.createNativeEntityManagerFactory(LocalContainerEntityManagerFactoryBean.java:443)
	at org.springframework.orm.jpa.AbstractEntityManagerFactoryBean.buildNativeEntityManagerFactory(AbstractEntityManagerFactoryBean.java:436)
	... 19 common frames omitted
2026-08-22 22:55:24 [main] INFO  com.mcotools.mco.McoApplication - Starting McoApplication using Java 23.0.2 with PID 22564 (C:\Users\zizom\OneDrive\Escritorio\MCOtools\mco\target\classes started by mouad in C:\Users\zizom\OneDrive\Escritorio\MCOtools\mco)
2026-08-22 22:55:24 [main] DEBUG com.mcotools.mco.McoApplication - Running with Spring Boot v4.1.0, Spring v7.0.8
2026-08-22 22:55:24 [main] INFO  com.mcotools.mco.McoApplication - No active profile set, falling back to 1 default profile: "default"
2026-08-22 22:55:27 [main] WARN  o.s.b.j.a.JpaBaseConfiguration$JpaWebConfiguration - spring.jpa.open-in-view is enabled by default. Therefore, database queries may be performed during view rendering. Explicitly configure spring.jpa.open-in-view to disable this warning
2026-08-22 22:55:27 [main] INFO  com.mcotools.mco.McoApplication - Started McoApplication in 3.535 seconds (process running for 3.873)
2026-08-22 22:55:27 [main] INFO  com.mcotools.mco.McoApplication - Service mco demarre avec succes
2026-08-22 22:56:21 [http-nio-8082-exec-1] INFO  o.s.web.servlet.DispatcherServlet - Initializing Servlet 'dispatcherServlet'
2026-08-22 22:56:21 [http-nio-8082-exec-1] INFO  o.s.web.servlet.DispatcherServlet - Completed initialization in 2 ms
2026-08-22 22:56:21 [http-nio-8082-exec-1] DEBUG c.m.controller.RequestController - GET /api/requests - recuperation de tous les requests
2026-08-22 22:56:21 [http-nio-8082-exec-1] INFO  c.m.controller.RequestController - GET /api/requests - 83 request(s) retourne(s)
2026-08-22 22:56:21 [http-nio-8082-exec-3] DEBUG c.m.controller.RequestController - GET /api/requests - recuperation de tous les requests
2026-08-22 22:56:21 [http-nio-8082-exec-3] INFO  c.m.controller.RequestController - GET /api/requests - 83 request(s) retourne(s)
2026-08-22 22:56:21 [http-nio-8082-exec-2] DEBUG c.m.controller.RequestController - GET /api/requests - recuperation de tous les requests
2026-08-22 22:56:21 [http-nio-8082-exec-2] INFO  c.m.controller.RequestController - GET /api/requests - 83 request(s) retourne(s)
2026-08-22 22:56:21 [http-nio-8082-exec-4] DEBUG c.m.controller.RequestController - GET /api/requests - recuperation de tous les requests
2026-08-22 22:56:21 [http-nio-8082-exec-4] INFO  c.m.controller.RequestController - GET /api/requests - 83 request(s) retourne(s)
2026-08-22 22:56:22 [http-nio-8082-exec-5] DEBUG c.m.controller.RequestController - GET /api/requests - recuperation de tous les requests
2026-08-22 22:56:22 [http-nio-8082-exec-5] INFO  c.m.controller.RequestController - GET /api/requests - 83 request(s) retourne(s)
2026-08-22 22:56:22 [http-nio-8082-exec-8] DEBUG c.m.controller.RequestController - GET /api/requests/174406418 - recherche du request
2026-08-22 22:56:22 [http-nio-8082-exec-8] INFO  c.m.controller.RequestController - GET /api/requests/174406418 - request trouve
2026-08-22 22:56:22 [http-nio-8082-exec-7] DEBUG c.m.controller.BatchController - GET /api/batches - recuperation de tous les batches
2026-08-22 22:56:22 [http-nio-8082-exec-7] INFO  c.m.controller.BatchController - GET /api/batches - 115 batch(es) retourne(s)
2026-08-22 22:56:22 [http-nio-8082-exec-6] DEBUG c.m.controller.DepositController - GET /api/deposits - recuperation de tous les deposits
2026-08-22 22:56:22 [http-nio-8082-exec-6] INFO  c.m.controller.DepositController - GET /api/deposits - 85 deposit(s) retourne(s)
2026-08-22 22:56:42 [http-nio-8082-exec-9] DEBUG c.m.controller.RequestController - GET /api/requests - recuperation de tous les requests
2026-08-22 22:56:42 [http-nio-8082-exec-9] INFO  c.m.controller.RequestController - GET /api/requests - 83 request(s) retourne(s)
2026-08-22 22:56:42 [http-nio-8082-exec-10] DEBUG c.m.controller.RequestController - GET /api/requests - recuperation de tous les requests
2026-08-22 22:56:42 [http-nio-8082-exec-10] INFO  c.m.controller.RequestController - GET /api/requests - 83 request(s) retourne(s)
2026-08-22 22:56:42 [http-nio-8082-exec-1] DEBUG c.m.controller.RequestController - GET /api/requests - recuperation de tous les requests
2026-08-22 22:56:42 [http-nio-8082-exec-1] INFO  c.m.controller.RequestController - GET /api/requests - 83 request(s) retourne(s)
2026-08-22 22:56:42 [http-nio-8082-exec-3] DEBUG c.m.controller.RequestController - GET /api/requests - recuperation de tous les requests
2026-08-22 22:56:42 [http-nio-8082-exec-3] INFO  c.m.controller.RequestController - GET /api/requests - 83 request(s) retourne(s)
2026-08-22 22:56:42 [http-nio-8082-exec-2] DEBUG c.m.controller.RequestController - GET /api/requests - recuperation de tous les requests
2026-08-22 22:56:42 [http-nio-8082-exec-2] INFO  c.m.controller.RequestController - GET /api/requests - 83 request(s) retourne(s)
2026-08-22 22:56:43 [http-nio-8082-exec-4] DEBUG c.m.controller.RequestController - GET /api/requests/174406418 - recherche du request
2026-08-22 22:56:43 [http-nio-8082-exec-4] INFO  c.m.controller.RequestController - GET /api/requests/174406418 - request trouve
2026-08-22 22:56:43 [http-nio-8082-exec-5] DEBUG c.m.controller.BatchController - GET /api/batches - recuperation de tous les batches
2026-08-22 22:56:43 [http-nio-8082-exec-5] INFO  c.m.controller.BatchController - GET /api/batches - 115 batch(es) retourne(s)
2026-08-22 22:56:43 [http-nio-8082-exec-8] DEBUG c.m.controller.DepositController - GET /api/deposits - recuperation de tous les deposits
2026-08-22 22:56:43 [http-nio-8082-exec-8] INFO  c.m.controller.DepositController - GET /api/deposits - 85 deposit(s) retourne(s)
2026-08-22 22:59:59 [http-nio-8082-exec-6] DEBUG c.m.controller.RequestController - GET /api/requests - recuperation de tous les requests
2026-08-22 22:59:59 [http-nio-8082-exec-6] INFO  c.m.controller.RequestController - GET /api/requests - 83 request(s) retourne(s)
2026-08-22 22:59:59 [http-nio-8082-exec-9] DEBUG c.m.controller.RequestController - GET /api/requests - recuperation de tous les requests
2026-08-22 22:59:59 [http-nio-8082-exec-9] INFO  c.m.controller.RequestController - GET /api/requests - 83 request(s) retourne(s)
2026-08-22 22:59:59 [http-nio-8082-exec-10] DEBUG c.m.controller.RequestController - GET /api/requests - recuperation de tous les requests
2026-08-22 22:59:59 [http-nio-8082-exec-10] INFO  c.m.controller.RequestController - GET /api/requests - 83 request(s) retourne(s)
2026-08-22 22:59:59 [http-nio-8082-exec-1] DEBUG c.m.controller.RequestController - GET /api/requests - recuperation de tous les requests
2026-08-22 22:59:59 [http-nio-8082-exec-1] INFO  c.m.controller.RequestController - GET /api/requests - 83 request(s) retourne(s)
2026-08-22 22:59:59 [http-nio-8082-exec-3] DEBUG c.m.controller.RequestController - GET /api/requests - recuperation de tous les requests
2026-08-22 22:59:59 [http-nio-8082-exec-3] INFO  c.m.controller.RequestController - GET /api/requests - 83 request(s) retourne(s)
2026-08-22 22:59:59 [http-nio-8082-exec-2] DEBUG c.m.controller.RequestController - GET /api/requests/174406418 - recherche du request
2026-08-22 22:59:59 [http-nio-8082-exec-2] INFO  c.m.controller.RequestController - GET /api/requests/174406418 - request trouve
2026-08-22 22:59:59 [http-nio-8082-exec-4] DEBUG c.m.controller.BatchController - GET /api/batches - recuperation de tous les batches
2026-08-22 22:59:59 [http-nio-8082-exec-4] INFO  c.m.controller.BatchController - GET /api/batches - 115 batch(es) retourne(s)
2026-08-22 22:59:59 [http-nio-8082-exec-5] DEBUG c.m.controller.DepositController - GET /api/deposits - recuperation de tous les deposits
2026-08-22 22:59:59 [http-nio-8082-exec-5] INFO  c.m.controller.DepositController - GET /api/deposits - 85 deposit(s) retourne(s)
2026-08-22 23:01:08 [http-nio-8082-exec-7] ERROR c.m.exception.GlobalExceptionHandler - Erreur non geree interceptee: No static resource rapportTraitement/pdf for request '/rapportTraitement/pdf'.
org.springframework.web.servlet.resource.NoResourceFoundException: No static resource rapportTraitement/pdf for request '/rapportTraitement/pdf'.
	at org.springframework.web.servlet.resource.ResourceHttpRequestHandler.handleRequest(ResourceHttpRequestHandler.java:527)
	at org.springframework.web.servlet.mvc.HttpRequestHandlerAdapter.handle(HttpRequestHandlerAdapter.java:50)
	at org.springframework.web.servlet.DispatcherServlet.doDispatch(DispatcherServlet.java:963)
	at org.springframework.web.servlet.DispatcherServlet.doService(DispatcherServlet.java:866)
	at org.springframework.web.servlet.FrameworkServlet.processRequest(FrameworkServlet.java:1000)
	at org.springframework.web.servlet.FrameworkServlet.doGet(FrameworkServlet.java:892)
	at jakarta.servlet.http.HttpServlet.service(HttpServlet.java:622)
	at org.springframework.web.servlet.FrameworkServlet.service(FrameworkServlet.java:874)
	at jakarta.servlet.http.HttpServlet.service(HttpServlet.java:710)
	at org.apache.catalina.core.ApplicationFilterChain.doFilter(ApplicationFilterChain.java:128)
	at org.apache.tomcat.websocket.server.WsFilter.doFilter(WsFilter.java:53)
	at org.apache.catalina.core.ApplicationFilterChain.doFilter(ApplicationFilterChain.java:107)
	at org.springframework.web.filter.RequestContextFilter.doFilterInternal(RequestContextFilter.java:100)
	at org.springframework.web.filter.OncePerRequestFilter.doFilter(OncePerRequestFilter.java:116)
	at org.apache.catalina.core.ApplicationFilterChain.doFilter(ApplicationFilterChain.java:107)
	at org.springframework.web.filter.FormContentFilter.doFilterInternal(FormContentFilter.java:93)
	at org.springframework.web.filter.OncePerRequestFilter.doFilter(OncePerRequestFilter.java:116)
	at org.apache.catalina.core.ApplicationFilterChain.doFilter(ApplicationFilterChain.java:107)
	at org.springframework.web.filter.CharacterEncodingFilter.doFilterInternal(CharacterEncodingFilter.java:199)
	at org.springframework.web.filter.OncePerRequestFilter.doFilter(OncePerRequestFilter.java:116)
	at org.apache.catalina.core.ApplicationFilterChain.doFilter(ApplicationFilterChain.java:107)
	at org.apache.catalina.core.StandardWrapperValve.invoke(StandardWrapperValve.java:165)
	at org.apache.catalina.core.StandardContextValve.invoke(StandardContextValve.java:77)
	at org.apache.catalina.authenticator.AuthenticatorBase.invoke(AuthenticatorBase.java:492)
	at org.apache.catalina.core.StandardHostValve.invoke(StandardHostValve.java:113)
	at org.apache.catalina.valves.ErrorReportValve.invoke(ErrorReportValve.java:83)
	at org.apache.catalina.core.StandardEngineValve.invoke(StandardEngineValve.java:72)
	at org.apache.catalina.connector.CoyoteAdapter.service(CoyoteAdapter.java:341)
	at org.apache.coyote.http11.Http11Processor.service(Http11Processor.java:397)
	at org.apache.coyote.AbstractProcessorLight.process(AbstractProcessorLight.java:63)
	at org.apache.coyote.AbstractProtocol$ConnectionHandler.process(AbstractProtocol.java:1272)
	at org.apache.tomcat.util.net.NioEndpoint$SocketProcessor.doRun(NioEndpoint.java:1801)
	at org.apache.tomcat.util.net.SocketProcessorBase.run(SocketProcessorBase.java:52)
	at org.apache.tomcat.util.threads.ThreadPoolExecutor.runWorker(ThreadPoolExecutor.java:946)
	at org.apache.tomcat.util.threads.ThreadPoolExecutor$Worker.run(ThreadPoolExecutor.java:480)
	at org.apache.tomcat.util.threads.TaskThread$WrappingRunnable.run(TaskThread.java:57)
	at java.base/java.lang.Thread.run(Thread.java:1575)
2026-08-22 23:01:17 [http-nio-8082-exec-6] ERROR c.m.exception.GlobalExceptionHandler - Erreur non geree interceptee: No static resource api/rapportTraitement/pdf for request '/api/rapportTraitement/pdf'.
org.springframework.web.servlet.resource.NoResourceFoundException: No static resource api/rapportTraitement/pdf for request '/api/rapportTraitement/pdf'.
	at org.springframework.web.servlet.resource.ResourceHttpRequestHandler.handleRequest(ResourceHttpRequestHandler.java:527)
	at org.springframework.web.servlet.mvc.HttpRequestHandlerAdapter.handle(HttpRequestHandlerAdapter.java:50)
	at org.springframework.web.servlet.DispatcherServlet.doDispatch(DispatcherServlet.java:963)
	at org.springframework.web.servlet.DispatcherServlet.doService(DispatcherServlet.java:866)
	at org.springframework.web.servlet.FrameworkServlet.processRequest(FrameworkServlet.java:1000)
	at org.springframework.web.servlet.FrameworkServlet.doGet(FrameworkServlet.java:892)
	at jakarta.servlet.http.HttpServlet.service(HttpServlet.java:622)
	at org.springframework.web.servlet.FrameworkServlet.service(FrameworkServlet.java:874)
	at jakarta.servlet.http.HttpServlet.service(HttpServlet.java:710)
	at org.apache.catalina.core.ApplicationFilterChain.doFilter(ApplicationFilterChain.java:128)
	at org.apache.tomcat.websocket.server.WsFilter.doFilter(WsFilter.java:53)
	at org.apache.catalina.core.ApplicationFilterChain.doFilter(ApplicationFilterChain.java:107)
	at org.springframework.web.filter.RequestContextFilter.doFilterInternal(RequestContextFilter.java:100)
	at org.springframework.web.filter.OncePerRequestFilter.doFilter(OncePerRequestFilter.java:116)
	at org.apache.catalina.core.ApplicationFilterChain.doFilter(ApplicationFilterChain.java:107)
	at org.springframework.web.filter.FormContentFilter.doFilterInternal(FormContentFilter.java:93)
	at org.springframework.web.filter.OncePerRequestFilter.doFilter(OncePerRequestFilter.java:116)
	at org.apache.catalina.core.ApplicationFilterChain.doFilter(ApplicationFilterChain.java:107)
	at org.springframework.web.filter.CharacterEncodingFilter.doFilterInternal(CharacterEncodingFilter.java:199)
	at org.springframework.web.filter.OncePerRequestFilter.doFilter(OncePerRequestFilter.java:116)
	at org.apache.catalina.core.ApplicationFilterChain.doFilter(ApplicationFilterChain.java:107)
	at org.apache.catalina.core.StandardWrapperValve.invoke(StandardWrapperValve.java:165)
	at org.apache.catalina.core.StandardContextValve.invoke(StandardContextValve.java:77)
	at org.apache.catalina.authenticator.AuthenticatorBase.invoke(AuthenticatorBase.java:492)
	at org.apache.catalina.core.StandardHostValve.invoke(StandardHostValve.java:113)
	at org.apache.catalina.valves.ErrorReportValve.invoke(ErrorReportValve.java:83)
	at org.apache.catalina.core.StandardEngineValve.invoke(StandardEngineValve.java:72)
	at org.apache.catalina.connector.CoyoteAdapter.service(CoyoteAdapter.java:341)
	at org.apache.coyote.http11.Http11Processor.service(Http11Processor.java:397)
	at org.apache.coyote.AbstractProcessorLight.process(AbstractProcessorLight.java:63)
	at org.apache.coyote.AbstractProtocol$ConnectionHandler.process(AbstractProtocol.java:1272)
	at org.apache.tomcat.util.net.NioEndpoint$SocketProcessor.doRun(NioEndpoint.java:1801)
	at org.apache.tomcat.util.net.SocketProcessorBase.run(SocketProcessorBase.java:52)
	at org.apache.tomcat.util.threads.ThreadPoolExecutor.runWorker(ThreadPoolExecutor.java:946)
	at org.apache.tomcat.util.threads.ThreadPoolExecutor$Worker.run(ThreadPoolExecutor.java:480)
	at org.apache.tomcat.util.threads.TaskThread$WrappingRunnable.run(TaskThread.java:57)
	at java.base/java.lang.Thread.run(Thread.java:1575)
2026-08-22 23:01:25 [http-nio-8082-exec-9] DEBUG c.m.controller.RequestController - GET /api/requests - recuperation de tous les requests
2026-08-22 23:01:25 [http-nio-8082-exec-9] INFO  c.m.controller.RequestController - GET /api/requests - 83 request(s) retourne(s)
2026-08-22 23:01:25 [http-nio-8082-exec-10] DEBUG c.m.controller.RequestController - GET /api/requests - recuperation de tous les requests
2026-08-22 23:01:25 [http-nio-8082-exec-10] INFO  c.m.controller.RequestController - GET /api/requests - 83 request(s) retourne(s)
2026-08-22 23:01:25 [http-nio-8082-exec-1] DEBUG c.m.controller.RequestController - GET /api/requests - recuperation de tous les requests
2026-08-22 23:01:25 [http-nio-8082-exec-1] INFO  c.m.controller.RequestController - GET /api/requests - 83 request(s) retourne(s)
2026-08-22 23:01:25 [http-nio-8082-exec-3] DEBUG c.m.controller.RequestController - GET /api/requests - recuperation de tous les requests
2026-08-22 23:01:25 [http-nio-8082-exec-3] INFO  c.m.controller.RequestController - GET /api/requests - 83 request(s) retourne(s)
2026-08-22 23:01:25 [http-nio-8082-exec-2] DEBUG c.m.controller.RequestController - GET /api/requests - recuperation de tous les requests
2026-08-22 23:01:25 [http-nio-8082-exec-2] INFO  c.m.controller.RequestController - GET /api/requests - 83 request(s) retourne(s)
2026-08-22 23:01:25 [http-nio-8082-exec-4] DEBUG c.m.controller.RequestController - GET /api/requests/174406418 - recherche du request
2026-08-22 23:01:25 [http-nio-8082-exec-4] INFO  c.m.controller.RequestController - GET /api/requests/174406418 - request trouve
2026-08-22 23:01:25 [http-nio-8082-exec-5] DEBUG c.m.controller.BatchController - GET /api/batches - recuperation de tous les batches
2026-08-22 23:01:25 [http-nio-8082-exec-5] INFO  c.m.controller.BatchController - GET /api/batches - 115 batch(es) retourne(s)
2026-08-22 23:01:25 [http-nio-8082-exec-8] DEBUG c.m.controller.DepositController - GET /api/deposits - recuperation de tous les deposits
2026-08-22 23:01:25 [http-nio-8082-exec-8] INFO  c.m.controller.DepositController - GET /api/deposits - 85 deposit(s) retourne(s)
2026-08-22 23:08:36 [http-nio-8082-exec-6] DEBUG c.m.controller.RequestController - GET /api/requests - recuperation de tous les requests
2026-08-22 23:08:36 [http-nio-8082-exec-6] INFO  c.m.controller.RequestController - GET /api/requests - 83 request(s) retourne(s)
2026-08-22 23:08:36 [http-nio-8082-exec-9] DEBUG c.m.controller.RequestController - GET /api/requests - recuperation de tous les requests
2026-08-22 23:08:36 [http-nio-8082-exec-9] INFO  c.m.controller.RequestController - GET /api/requests - 83 request(s) retourne(s)
2026-08-22 23:08:36 [http-nio-8082-exec-10] DEBUG c.m.controller.RequestController - GET /api/requests - recuperation de tous les requests
2026-08-22 23:08:36 [http-nio-8082-exec-10] INFO  c.m.controller.RequestController - GET /api/requests - 83 request(s) retourne(s)
2026-08-22 23:08:36 [http-nio-8082-exec-1] DEBUG c.m.controller.RequestController - GET /api/requests - recuperation de tous les requests
2026-08-22 23:08:36 [http-nio-8082-exec-1] INFO  c.m.controller.RequestController - GET /api/requests - 83 request(s) retourne(s)
2026-08-22 23:08:36 [http-nio-8082-exec-3] DEBUG c.m.controller.RequestController - GET /api/requests - recuperation de tous les requests
2026-08-22 23:08:36 [http-nio-8082-exec-3] INFO  c.m.controller.RequestController - GET /api/requests - 83 request(s) retourne(s)
2026-08-22 23:08:36 [http-nio-8082-exec-2] DEBUG c.m.controller.RequestController - GET /api/requests/174406418 - recherche du request
2026-08-22 23:08:36 [http-nio-8082-exec-2] INFO  c.m.controller.RequestController - GET /api/requests/174406418 - request trouve
2026-08-22 23:08:36 [http-nio-8082-exec-4] DEBUG c.m.controller.BatchController - GET /api/batches - recuperation de tous les batches
2026-08-22 23:08:36 [http-nio-8082-exec-4] INFO  c.m.controller.BatchController - GET /api/batches - 115 batch(es) retourne(s)
2026-08-22 23:08:36 [http-nio-8082-exec-5] DEBUG c.m.controller.DepositController - GET /api/deposits - recuperation de tous les deposits
2026-08-22 23:08:36 [http-nio-8082-exec-5] INFO  c.m.controller.DepositController - GET /api/deposits - 85 deposit(s) retourne(s)
2026-08-22 23:12:06 [http-nio-8082-exec-7] DEBUG c.m.controller.RequestController - GET /api/requests - recuperation de tous les requests
2026-08-22 23:12:06 [http-nio-8082-exec-7] INFO  c.m.controller.RequestController - GET /api/requests - 83 request(s) retourne(s)
2026-08-22 23:12:06 [http-nio-8082-exec-6] DEBUG c.m.controller.RequestController - GET /api/requests - recuperation de tous les requests
2026-08-22 23:12:06 [http-nio-8082-exec-6] INFO  c.m.controller.RequestController - GET /api/requests - 83 request(s) retourne(s)
2026-08-22 23:12:06 [http-nio-8082-exec-9] DEBUG c.m.controller.RequestController - GET /api/requests - recuperation de tous les requests
2026-08-22 23:12:06 [http-nio-8082-exec-9] INFO  c.m.controller.RequestController - GET /api/requests - 83 request(s) retourne(s)
2026-08-22 23:12:06 [http-nio-8082-exec-10] DEBUG c.m.controller.RequestController - GET /api/requests - recuperation de tous les requests
2026-08-22 23:12:06 [http-nio-8082-exec-10] INFO  c.m.controller.RequestController - GET /api/requests - 83 request(s) retourne(s)
2026-08-22 23:12:06 [http-nio-8082-exec-1] DEBUG c.m.controller.RequestController - GET /api/requests - recuperation de tous les requests
2026-08-22 23:12:06 [http-nio-8082-exec-1] INFO  c.m.controller.RequestController - GET /api/requests - 83 request(s) retourne(s)
2026-08-22 23:12:06 [http-nio-8082-exec-3] DEBUG c.m.controller.RequestController - GET /api/requests/174406418 - recherche du request
2026-08-22 23:12:06 [http-nio-8082-exec-3] INFO  c.m.controller.RequestController - GET /api/requests/174406418 - request trouve
2026-08-22 23:12:06 [http-nio-8082-exec-2] DEBUG c.m.controller.BatchController - GET /api/batches - recuperation de tous les batches
2026-08-22 23:12:06 [http-nio-8082-exec-2] INFO  c.m.controller.BatchController - GET /api/batches - 115 batch(es) retourne(s)
2026-08-22 23:12:06 [http-nio-8082-exec-4] DEBUG c.m.controller.DepositController - GET /api/deposits - recuperation de tous les deposits
2026-08-22 23:12:06 [http-nio-8082-exec-4] INFO  c.m.controller.DepositController - GET /api/deposits - 85 deposit(s) retourne(s)
2026-08-22 23:18:47 [http-nio-8082-exec-8] DEBUG c.m.controller.RequestController - GET /api/requests - recuperation de tous les requests
2026-08-22 23:18:47 [http-nio-8082-exec-8] INFO  c.m.controller.RequestController - GET /api/requests - 83 request(s) retourne(s)
2026-08-22 23:18:47 [http-nio-8082-exec-7] DEBUG c.m.controller.RequestController - GET /api/requests - recuperation de tous les requests
2026-08-22 23:18:47 [http-nio-8082-exec-7] INFO  c.m.controller.RequestController - GET /api/requests - 83 request(s) retourne(s)
2026-08-22 23:18:47 [http-nio-8082-exec-6] DEBUG c.m.controller.RequestController - GET /api/requests - recuperation de tous les requests
2026-08-22 23:18:47 [http-nio-8082-exec-6] INFO  c.m.controller.RequestController - GET /api/requests - 83 request(s) retourne(s)
2026-08-22 23:18:47 [http-nio-8082-exec-9] DEBUG c.m.controller.RequestController - GET /api/requests - recuperation de tous les requests
2026-08-22 23:18:47 [http-nio-8082-exec-9] INFO  c.m.controller.RequestController - GET /api/requests - 83 request(s) retourne(s)
2026-08-22 23:18:47 [http-nio-8082-exec-10] DEBUG c.m.controller.RequestController - GET /api/requests - recuperation de tous les requests
2026-08-22 23:18:47 [http-nio-8082-exec-10] INFO  c.m.controller.RequestController - GET /api/requests - 83 request(s) retourne(s)
2026-08-22 23:18:47 [http-nio-8082-exec-1] DEBUG c.m.controller.RequestController - GET /api/requests/174406418 - recherche du request
2026-08-22 23:18:47 [http-nio-8082-exec-1] INFO  c.m.controller.RequestController - GET /api/requests/174406418 - request trouve
2026-08-22 23:18:47 [http-nio-8082-exec-3] DEBUG c.m.controller.BatchController - GET /api/batches - recuperation de tous les batches
2026-08-22 23:18:47 [http-nio-8082-exec-3] INFO  c.m.controller.BatchController - GET /api/batches - 115 batch(es) retourne(s)
2026-08-22 23:18:47 [http-nio-8082-exec-2] DEBUG c.m.controller.DepositController - GET /api/deposits - recuperation de tous les deposits
2026-08-22 23:18:47 [http-nio-8082-exec-2] INFO  c.m.controller.DepositController - GET /api/deposits - 85 deposit(s) retourne(s)
2026-08-22 23:18:56 [http-nio-8082-exec-4] DEBUG c.m.controller.RequestController - GET /api/requests - recuperation de tous les requests
2026-08-22 23:18:56 [http-nio-8082-exec-4] INFO  c.m.controller.RequestController - GET /api/requests - 83 request(s) retourne(s)
2026-08-22 23:18:56 [http-nio-8082-exec-5] DEBUG c.m.controller.RequestController - GET /api/requests - recuperation de tous les requests
2026-08-22 23:18:56 [http-nio-8082-exec-5] INFO  c.m.controller.RequestController - GET /api/requests - 83 request(s) retourne(s)
2026-08-22 23:18:56 [http-nio-8082-exec-8] DEBUG c.m.controller.RequestController - GET /api/requests - recuperation de tous les requests
2026-08-22 23:18:56 [http-nio-8082-exec-8] INFO  c.m.controller.RequestController - GET /api/requests - 83 request(s) retourne(s)
2026-08-22 23:18:56 [http-nio-8082-exec-7] DEBUG c.m.controller.RequestController - GET /api/requests - recuperation de tous les requests
2026-08-22 23:18:56 [http-nio-8082-exec-7] INFO  c.m.controller.RequestController - GET /api/requests - 83 request(s) retourne(s)
2026-08-22 23:18:56 [http-nio-8082-exec-6] DEBUG c.m.controller.RequestController - GET /api/requests - recuperation de tous les requests
2026-08-22 23:18:56 [http-nio-8082-exec-6] INFO  c.m.controller.RequestController - GET /api/requests - 83 request(s) retourne(s)
2026-08-22 23:18:56 [http-nio-8082-exec-9] DEBUG c.m.controller.RequestController - GET /api/requests/174406418 - recherche du request
2026-08-22 23:18:56 [http-nio-8082-exec-9] INFO  c.m.controller.RequestController - GET /api/requests/174406418 - request trouve
2026-08-22 23:18:56 [http-nio-8082-exec-10] DEBUG c.m.controller.BatchController - GET /api/batches - recuperation de tous les batches
2026-08-22 23:18:56 [http-nio-8082-exec-10] INFO  c.m.controller.BatchController - GET /api/batches - 115 batch(es) retourne(s)
2026-08-22 23:18:56 [http-nio-8082-exec-1] DEBUG c.m.controller.DepositController - GET /api/deposits - recuperation de tous les deposits
2026-08-22 23:18:56 [http-nio-8082-exec-1] INFO  c.m.controller.DepositController - GET /api/deposits - 85 deposit(s) retourne(s)
