2026-08-22 22:40:27 [main] INFO  c.m.treatment.TreatmentApplication - Starting TreatmentApplication using Java 23.0.2 with PID 24464 (C:\Users\zizom\OneDrive\Escritorio\MCOtools\treatment\target\classes started by mouad in C:\Users\zizom\OneDrive\Escritorio\MCOtools\treatment)
2026-08-22 22:40:27 [main] DEBUG c.m.treatment.TreatmentApplication - Running with Spring Boot v4.1.0, Spring v7.0.8
2026-08-22 22:40:27 [main] INFO  c.m.treatment.TreatmentApplication - No active profile set, falling back to 1 default profile: "default"
2026-08-22 22:40:28 [main] WARN  o.a.p.p.font.FileSystemFontProvider - 487 new fonts found, font cache will be re-built
2026-08-22 22:40:28 [main] WARN  o.a.p.p.font.FileSystemFontProvider - Building on-disk font cache, this may take a while
2026-08-22 22:40:29 [main] WARN  o.a.p.p.font.FileSystemFontProvider - Finished building on-disk font cache, found 510 fonts
2026-08-22 22:40:30 [main] INFO  c.m.treatment.TreatmentApplication - Started TreatmentApplication in 3.562 seconds (process running for 3.865)
2026-08-22 22:40:30 [main] INFO  c.m.treatment.TreatmentApplication - Service treatment demarre avec succes
2026-08-22 22:46:03 [http-nio-8083-exec-2] INFO  o.s.web.servlet.DispatcherServlet - Initializing Servlet 'dispatcherServlet'
2026-08-22 22:46:03 [http-nio-8083-exec-2] INFO  o.s.web.servlet.DispatcherServlet - Completed initialization in 0 ms
2026-08-22 22:46:03 [http-nio-8083-exec-2] DEBUG c.m.t.controller.RapportController - GET /rapportTraitement/pdf - generation du rapport PDF demandee
2026-08-22 22:46:03 [http-nio-8083-exec-2] DEBUG c.m.treatment.client.McoClient - Recuperation de tous les requests depuis http://localhost:8082/api/requests
2026-08-22 22:46:03 [http-nio-8083-exec-2] ERROR c.m.t.e.GlobalExceptionHandler - Erreur non geree interceptee dans treatment: I/O error on GET request for "http://localhost:8082/api/requests": null
org.springframework.web.client.ResourceAccessException: I/O error on GET request for "http://localhost:8082/api/requests": null
	at org.springframework.web.client.RestTemplate.createResourceAccessException(RestTemplate.java:780)
	at org.springframework.web.client.RestTemplate.doExecute(RestTemplate.java:760)
	at org.springframework.web.client.RestTemplate.execute(RestTemplate.java:677)
	at org.springframework.web.client.RestTemplate.getForObject(RestTemplate.java:304)
	at com.mcotools.treatment.client.McoClient.fetchAllRequests(McoClient.java:81)
	at com.mcotools.treatment.rules.TreatmentRulesService.evaluateConvertingError(TreatmentRulesService.java:51)
	at com.mcotools.treatment.rules.TreatmentRulesService.generateReport(TreatmentRulesService.java:37)
	at com.mcotools.treatment.controller.RapportController.rapportTraitementPdf(RapportController.java:45)
	at java.base/jdk.internal.reflect.DirectMethodHandleAccessor.invoke(DirectMethodHandleAccessor.java:103)
	at java.base/java.lang.reflect.Method.invoke(Method.java:580)
	at org.springframework.web.method.support.InvocableHandlerMethod.doInvoke(InvocableHandlerMethod.java:252)
	at org.springframework.web.method.support.InvocableHandlerMethod.invokeForRequest(InvocableHandlerMethod.java:184)
	at org.springframework.web.servlet.mvc.method.annotation.ServletInvocableHandlerMethod.invokeAndHandle(ServletInvocableHandlerMethod.java:117)
	at org.springframework.web.servlet.mvc.method.annotation.RequestMappingHandlerAdapter.invokeHandlerMethod(RequestMappingHandlerAdapter.java:934)
	at org.springframework.web.servlet.mvc.method.annotation.RequestMappingHandlerAdapter.handleInternal(RequestMappingHandlerAdapter.java:853)
	at org.springframework.web.servlet.mvc.method.AbstractHandlerMethodAdapter.handle(AbstractHandlerMethodAdapter.java:86)
	at org.springframework.web.servlet.DispatcherServlet.doDispatch(DispatcherServlet.java:963)
	at org.springframework.web.servlet.DispatcherServlet.doService(DispatcherServlet.java:866)
	at org.springframework.web.servlet.FrameworkServlet.processRequest(FrameworkServlet.java:1000)
	at org.springframework.web.servlet.FrameworkServlet.doGet(FrameworkServlet.java:892)
	at jakarta.servlet.http.HttpServlet.service(HttpServlet.java:622)
	at org.springframework.web.servlet.FrameworkServlet.service(FrameworkServlet.java:874)
	at jakarta.servlet.http.HttpServlet.service(HttpServlet.java:710)
	at org.apache.catalina.core.ApplicationFilterChain.doFilter(ApplicationFilterChain.java:128)
	at org.apache.tomcat.websocket.server.WsFilter.doFilter(WsFilter.java:53)
	at org.apache.catalina.core.ApplicationFilterChain.doFilter(ApplicationFilterChain.java:107)
	at org.springframework.web.filter.RequestContextFilter.doFilterInternal(RequestContextFilter.java:100)
	at org.springframework.web.filter.OncePerRequestFilter.doFilter(OncePerRequestFilter.java:116)
	at org.apache.catalina.core.ApplicationFilterChain.doFilter(ApplicationFilterChain.java:107)
	at org.springframework.web.filter.FormContentFilter.doFilterInternal(FormContentFilter.java:93)
	at org.springframework.web.filter.OncePerRequestFilter.doFilter(OncePerRequestFilter.java:116)
	at org.apache.catalina.core.ApplicationFilterChain.doFilter(ApplicationFilterChain.java:107)
	at org.springframework.web.filter.CharacterEncodingFilter.doFilterInternal(CharacterEncodingFilter.java:199)
	at org.springframework.web.filter.OncePerRequestFilter.doFilter(OncePerRequestFilter.java:116)
	at org.apache.catalina.core.ApplicationFilterChain.doFilter(ApplicationFilterChain.java:107)
	at org.apache.catalina.core.StandardWrapperValve.invoke(StandardWrapperValve.java:165)
	at org.apache.catalina.core.StandardContextValve.invoke(StandardContextValve.java:77)
	at org.apache.catalina.authenticator.AuthenticatorBase.invoke(AuthenticatorBase.java:492)
	at org.apache.catalina.core.StandardHostValve.invoke(StandardHostValve.java:113)
	at org.apache.catalina.valves.ErrorReportValve.invoke(ErrorReportValve.java:83)
	at org.apache.catalina.core.StandardEngineValve.invoke(StandardEngineValve.java:72)
	at org.apache.catalina.connector.CoyoteAdapter.service(CoyoteAdapter.java:341)
	at org.apache.coyote.http11.Http11Processor.service(Http11Processor.java:397)
	at org.apache.coyote.AbstractProcessorLight.process(AbstractProcessorLight.java:63)
	at org.apache.coyote.AbstractProtocol$ConnectionHandler.process(AbstractProtocol.java:1272)
	at org.apache.tomcat.util.net.NioEndpoint$SocketProcessor.doRun(NioEndpoint.java:1801)
	at org.apache.tomcat.util.net.SocketProcessorBase.run(SocketProcessorBase.java:52)
	at org.apache.tomcat.util.threads.ThreadPoolExecutor.runWorker(ThreadPoolExecutor.java:946)
	at org.apache.tomcat.util.threads.ThreadPoolExecutor$Worker.run(ThreadPoolExecutor.java:480)
	at org.apache.tomcat.util.threads.TaskThread$WrappingRunnable.run(TaskThread.java:57)
	at java.base/java.lang.Thread.run(Thread.java:1575)
Caused by: java.net.ConnectException
	at java.net.http/jdk.internal.net.http.common.Utils.toConnectException(Utils.java:1082)
	at java.net.http/jdk.internal.net.http.PlainHttpConnection.connectAsync(PlainHttpConnection.java:227)
	at java.net.http/jdk.internal.net.http.PlainHttpConnection.checkRetryConnect(PlainHttpConnection.java:280)
	at java.net.http/jdk.internal.net.http.PlainHttpConnection.lambda$connectAsync$2(PlainHttpConnection.java:238)
	at java.base/java.util.concurrent.CompletableFuture.uniHandle(CompletableFuture.java:978)
	at java.base/java.util.concurrent.CompletableFuture$UniHandle.tryFire(CompletableFuture.java:955)
	at java.base/java.util.concurrent.CompletableFuture.postComplete(CompletableFuture.java:554)
	at java.base/java.util.concurrent.CompletableFuture$AsyncSupply.run(CompletableFuture.java:1817)
	at java.base/java.util.concurrent.ThreadPoolExecutor.runWorker(ThreadPoolExecutor.java:1144)
	at java.base/java.util.concurrent.ThreadPoolExecutor$Worker.run(ThreadPoolExecutor.java:642)
	... 1 common frames omitted
Caused by: java.nio.channels.ClosedChannelException
	at java.base/sun.nio.ch.SocketChannelImpl.ensureOpen(SocketChannelImpl.java:204)
	at java.base/sun.nio.ch.SocketChannelImpl.connect(SocketChannelImpl.java:958)
	at java.net.http/jdk.internal.net.http.PlainHttpConnection.lambda$connectAsync$1(PlainHttpConnection.java:210)
	at java.base/java.security.AccessController.doPrivileged(AccessController.java:571)
	at java.net.http/jdk.internal.net.http.PlainHttpConnection.connectAsync(PlainHttpConnection.java:212)
	... 9 common frames omitted
2026-08-22 22:46:15 [http-nio-8083-exec-4] ERROR c.m.t.e.GlobalExceptionHandler - Erreur non geree interceptee dans treatment: No static resource rapportTraitement/json for request '/rapportTraitement/json'.
org.springframework.web.servlet.resource.NoResourceFoundException: No static resource rapportTraitement/json for request '/rapportTraitement/json'.
	at org.springframework.web.servlet.resource.ResourceHttpRequestHandler.handleRequest(ResourceHttpRequestHandler.java:527)
	at org.springframework.web.servlet.mvc.HttpRequestHandlerAdapter.handle(HttpRequestHandlerAdapter.java:50)
	at org.springframework.web.servlet.DispatcherServlet.doDispatch(DispatcherServlet.java:963)
	at org.springframework.web.servlet.DispatcherServlet.doService(DispatcherServlet.java:866)
	at org.springframework.web.servlet.FrameworkServlet.processRequest(FrameworkServlet.java:1000)
	at org.springframework.web.servlet.FrameworkServlet.doGet(FrameworkServlet.java:892)
	at jakarta.servlet.http.HttpServlet.service(HttpServlet.java:622)
	at org.springframework.web.servlet.FrameworkServlet.service(FrameworkServlet.java:874)
	at jakarta.servlet.http.HttpServlet.service(HttpServlet.java:710)
	at org.apache.catalina.core.ApplicationFilterChain.doFilter(ApplicationFilterChain.java:128)
	at org.apache.tomcat.websocket.server.WsFilter.doFilter(WsFilter.java:53)
	at org.apache.catalina.core.ApplicationFilterChain.doFilter(ApplicationFilterChain.java:107)
	at org.springframework.web.filter.RequestContextFilter.doFilterInternal(RequestContextFilter.java:100)
	at org.springframework.web.filter.OncePerRequestFilter.doFilter(OncePerRequestFilter.java:116)
	at org.apache.catalina.core.ApplicationFilterChain.doFilter(ApplicationFilterChain.java:107)
	at org.springframework.web.filter.FormContentFilter.doFilterInternal(FormContentFilter.java:93)
	at org.springframework.web.filter.OncePerRequestFilter.doFilter(OncePerRequestFilter.java:116)
	at org.apache.catalina.core.ApplicationFilterChain.doFilter(ApplicationFilterChain.java:107)
	at org.springframework.web.filter.CharacterEncodingFilter.doFilterInternal(CharacterEncodingFilter.java:199)
	at org.springframework.web.filter.OncePerRequestFilter.doFilter(OncePerRequestFilter.java:116)
	at org.apache.catalina.core.ApplicationFilterChain.doFilter(ApplicationFilterChain.java:107)
	at org.apache.catalina.core.StandardWrapperValve.invoke(StandardWrapperValve.java:165)
	at org.apache.catalina.core.StandardContextValve.invoke(StandardContextValve.java:77)
	at org.apache.catalina.authenticator.AuthenticatorBase.invoke(AuthenticatorBase.java:492)
	at org.apache.catalina.core.StandardHostValve.invoke(StandardHostValve.java:113)
	at org.apache.catalina.valves.ErrorReportValve.invoke(ErrorReportValve.java:83)
	at org.apache.catalina.core.StandardEngineValve.invoke(StandardEngineValve.java:72)
	at org.apache.catalina.connector.CoyoteAdapter.service(CoyoteAdapter.java:341)
	at org.apache.coyote.http11.Http11Processor.service(Http11Processor.java:397)
	at org.apache.coyote.AbstractProcessorLight.process(AbstractProcessorLight.java:63)
	at org.apache.coyote.AbstractProtocol$ConnectionHandler.process(AbstractProtocol.java:1272)
	at org.apache.tomcat.util.net.NioEndpoint$SocketProcessor.doRun(NioEndpoint.java:1801)
	at org.apache.tomcat.util.net.SocketProcessorBase.run(SocketProcessorBase.java:52)
	at org.apache.tomcat.util.threads.ThreadPoolExecutor.runWorker(ThreadPoolExecutor.java:946)
	at org.apache.tomcat.util.threads.ThreadPoolExecutor$Worker.run(ThreadPoolExecutor.java:480)
	at org.apache.tomcat.util.threads.TaskThread$WrappingRunnable.run(TaskThread.java:57)
	at java.base/java.lang.Thread.run(Thread.java:1575)
2026-08-22 22:46:25 [http-nio-8083-exec-6] DEBUG c.m.t.controller.RapportController - GET /rapportTraitement - generation du rapport demandee
2026-08-22 22:46:25 [http-nio-8083-exec-6] DEBUG c.m.treatment.client.McoClient - Recuperation de tous les requests depuis http://localhost:8082/api/requests
2026-08-22 22:46:25 [http-nio-8083-exec-6] ERROR c.m.t.e.GlobalExceptionHandler - Erreur non geree interceptee dans treatment: I/O error on GET request for "http://localhost:8082/api/requests": null
org.springframework.web.client.ResourceAccessException: I/O error on GET request for "http://localhost:8082/api/requests": null
	at org.springframework.web.client.RestTemplate.createResourceAccessException(RestTemplate.java:780)
	at org.springframework.web.client.RestTemplate.doExecute(RestTemplate.java:760)
	at org.springframework.web.client.RestTemplate.execute(RestTemplate.java:677)
	at org.springframework.web.client.RestTemplate.getForObject(RestTemplate.java:304)
	at com.mcotools.treatment.client.McoClient.fetchAllRequests(McoClient.java:81)
	at com.mcotools.treatment.rules.TreatmentRulesService.evaluateConvertingError(TreatmentRulesService.java:51)
	at com.mcotools.treatment.rules.TreatmentRulesService.generateReport(TreatmentRulesService.java:37)
	at com.mcotools.treatment.controller.RapportController.rapportTraitement(RapportController.java:37)
	at java.base/jdk.internal.reflect.DirectMethodHandleAccessor.invoke(DirectMethodHandleAccessor.java:103)
	at java.base/java.lang.reflect.Method.invoke(Method.java:580)
	at org.springframework.web.method.support.InvocableHandlerMethod.doInvoke(InvocableHandlerMethod.java:252)
	at org.springframework.web.method.support.InvocableHandlerMethod.invokeForRequest(InvocableHandlerMethod.java:184)
	at org.springframework.web.servlet.mvc.method.annotation.ServletInvocableHandlerMethod.invokeAndHandle(ServletInvocableHandlerMethod.java:117)
	at org.springframework.web.servlet.mvc.method.annotation.RequestMappingHandlerAdapter.invokeHandlerMethod(RequestMappingHandlerAdapter.java:934)
	at org.springframework.web.servlet.mvc.method.annotation.RequestMappingHandlerAdapter.handleInternal(RequestMappingHandlerAdapter.java:853)
	at org.springframework.web.servlet.mvc.method.AbstractHandlerMethodAdapter.handle(AbstractHandlerMethodAdapter.java:86)
	at org.springframework.web.servlet.DispatcherServlet.doDispatch(DispatcherServlet.java:963)
	at org.springframework.web.servlet.DispatcherServlet.doService(DispatcherServlet.java:866)
	at org.springframework.web.servlet.FrameworkServlet.processRequest(FrameworkServlet.java:1000)
	at org.springframework.web.servlet.FrameworkServlet.doGet(FrameworkServlet.java:892)
	at jakarta.servlet.http.HttpServlet.service(HttpServlet.java:622)
	at org.springframework.web.servlet.FrameworkServlet.service(FrameworkServlet.java:874)
	at jakarta.servlet.http.HttpServlet.service(HttpServlet.java:710)
	at org.apache.catalina.core.ApplicationFilterChain.doFilter(ApplicationFilterChain.java:128)
	at org.apache.tomcat.websocket.server.WsFilter.doFilter(WsFilter.java:53)
	at org.apache.catalina.core.ApplicationFilterChain.doFilter(ApplicationFilterChain.java:107)
	at org.springframework.web.filter.RequestContextFilter.doFilterInternal(RequestContextFilter.java:100)
	at org.springframework.web.filter.OncePerRequestFilter.doFilter(OncePerRequestFilter.java:116)
	at org.apache.catalina.core.ApplicationFilterChain.doFilter(ApplicationFilterChain.java:107)
	at org.springframework.web.filter.FormContentFilter.doFilterInternal(FormContentFilter.java:93)
	at org.springframework.web.filter.OncePerRequestFilter.doFilter(OncePerRequestFilter.java:116)
	at org.apache.catalina.core.ApplicationFilterChain.doFilter(ApplicationFilterChain.java:107)
	at org.springframework.web.filter.CharacterEncodingFilter.doFilterInternal(CharacterEncodingFilter.java:199)
	at org.springframework.web.filter.OncePerRequestFilter.doFilter(OncePerRequestFilter.java:116)
	at org.apache.catalina.core.ApplicationFilterChain.doFilter(ApplicationFilterChain.java:107)
	at org.apache.catalina.core.StandardWrapperValve.invoke(StandardWrapperValve.java:165)
	at org.apache.catalina.core.StandardContextValve.invoke(StandardContextValve.java:77)
	at org.apache.catalina.authenticator.AuthenticatorBase.invoke(AuthenticatorBase.java:492)
	at org.apache.catalina.core.StandardHostValve.invoke(StandardHostValve.java:113)
	at org.apache.catalina.valves.ErrorReportValve.invoke(ErrorReportValve.java:83)
	at org.apache.catalina.core.StandardEngineValve.invoke(StandardEngineValve.java:72)
	at org.apache.catalina.connector.CoyoteAdapter.service(CoyoteAdapter.java:341)
	at org.apache.coyote.http11.Http11Processor.service(Http11Processor.java:397)
	at org.apache.coyote.AbstractProcessorLight.process(AbstractProcessorLight.java:63)
	at org.apache.coyote.AbstractProtocol$ConnectionHandler.process(AbstractProtocol.java:1272)
	at org.apache.tomcat.util.net.NioEndpoint$SocketProcessor.doRun(NioEndpoint.java:1801)
	at org.apache.tomcat.util.net.SocketProcessorBase.run(SocketProcessorBase.java:52)
	at org.apache.tomcat.util.threads.ThreadPoolExecutor.runWorker(ThreadPoolExecutor.java:946)
	at org.apache.tomcat.util.threads.ThreadPoolExecutor$Worker.run(ThreadPoolExecutor.java:480)
	at org.apache.tomcat.util.threads.TaskThread$WrappingRunnable.run(TaskThread.java:57)
	at java.base/java.lang.Thread.run(Thread.java:1575)
Caused by: java.net.ConnectException
	at java.net.http/jdk.internal.net.http.common.Utils.toConnectException(Utils.java:1082)
	at java.net.http/jdk.internal.net.http.PlainHttpConnection.connectAsync(PlainHttpConnection.java:227)
	at java.net.http/jdk.internal.net.http.PlainHttpConnection.checkRetryConnect(PlainHttpConnection.java:280)
	at java.net.http/jdk.internal.net.http.PlainHttpConnection.lambda$connectAsync$2(PlainHttpConnection.java:238)
	at java.base/java.util.concurrent.CompletableFuture.uniHandle(CompletableFuture.java:978)
	at java.base/java.util.concurrent.CompletableFuture$UniHandle.tryFire(CompletableFuture.java:955)
	at java.base/java.util.concurrent.CompletableFuture.postComplete(CompletableFuture.java:554)
	at java.base/java.util.concurrent.CompletableFuture$AsyncSupply.run(CompletableFuture.java:1817)
	at java.base/java.util.concurrent.ThreadPoolExecutor.runWorker(ThreadPoolExecutor.java:1144)
	at java.base/java.util.concurrent.ThreadPoolExecutor$Worker.run(ThreadPoolExecutor.java:642)
	... 1 common frames omitted
Caused by: java.nio.channels.ClosedChannelException
	at java.base/sun.nio.ch.SocketChannelImpl.ensureOpen(SocketChannelImpl.java:204)
	at java.base/sun.nio.ch.SocketChannelImpl.connect(SocketChannelImpl.java:958)
	at java.net.http/jdk.internal.net.http.PlainHttpConnection.lambda$connectAsync$1(PlainHttpConnection.java:210)
	at java.base/java.security.AccessController.doPrivileged(AccessController.java:571)
	at java.net.http/jdk.internal.net.http.PlainHttpConnection.connectAsync(PlainHttpConnection.java:212)
	... 9 common frames omitted
2026-08-22 22:54:53 [http-nio-8083-exec-8] DEBUG c.m.t.controller.RapportController - GET /rapportTraitement - generation du rapport demandee
2026-08-22 22:54:53 [http-nio-8083-exec-8] DEBUG c.m.treatment.client.McoClient - Recuperation de tous les requests depuis http://localhost:8082/api/requests
2026-08-22 22:54:53 [http-nio-8083-exec-8] ERROR c.m.t.e.GlobalExceptionHandler - Erreur non geree interceptee dans treatment: I/O error on GET request for "http://localhost:8082/api/requests": null
org.springframework.web.client.ResourceAccessException: I/O error on GET request for "http://localhost:8082/api/requests": null
	at org.springframework.web.client.RestTemplate.createResourceAccessException(RestTemplate.java:780)
	at org.springframework.web.client.RestTemplate.doExecute(RestTemplate.java:760)
	at org.springframework.web.client.RestTemplate.execute(RestTemplate.java:677)
	at org.springframework.web.client.RestTemplate.getForObject(RestTemplate.java:304)
	at com.mcotools.treatment.client.McoClient.fetchAllRequests(McoClient.java:81)
	at com.mcotools.treatment.rules.TreatmentRulesService.evaluateConvertingError(TreatmentRulesService.java:51)
	at com.mcotools.treatment.rules.TreatmentRulesService.generateReport(TreatmentRulesService.java:37)
	at com.mcotools.treatment.controller.RapportController.rapportTraitement(RapportController.java:37)
	at java.base/jdk.internal.reflect.DirectMethodHandleAccessor.invoke(DirectMethodHandleAccessor.java:103)
	at java.base/java.lang.reflect.Method.invoke(Method.java:580)
	at org.springframework.web.method.support.InvocableHandlerMethod.doInvoke(InvocableHandlerMethod.java:252)
	at org.springframework.web.method.support.InvocableHandlerMethod.invokeForRequest(InvocableHandlerMethod.java:184)
	at org.springframework.web.servlet.mvc.method.annotation.ServletInvocableHandlerMethod.invokeAndHandle(ServletInvocableHandlerMethod.java:117)
	at org.springframework.web.servlet.mvc.method.annotation.RequestMappingHandlerAdapter.invokeHandlerMethod(RequestMappingHandlerAdapter.java:934)
	at org.springframework.web.servlet.mvc.method.annotation.RequestMappingHandlerAdapter.handleInternal(RequestMappingHandlerAdapter.java:853)
	at org.springframework.web.servlet.mvc.method.AbstractHandlerMethodAdapter.handle(AbstractHandlerMethodAdapter.java:86)
	at org.springframework.web.servlet.DispatcherServlet.doDispatch(DispatcherServlet.java:963)
	at org.springframework.web.servlet.DispatcherServlet.doService(DispatcherServlet.java:866)
	at org.springframework.web.servlet.FrameworkServlet.processRequest(FrameworkServlet.java:1000)
	at org.springframework.web.servlet.FrameworkServlet.doGet(FrameworkServlet.java:892)
	at jakarta.servlet.http.HttpServlet.service(HttpServlet.java:622)
	at org.springframework.web.servlet.FrameworkServlet.service(FrameworkServlet.java:874)
	at jakarta.servlet.http.HttpServlet.service(HttpServlet.java:710)
	at org.apache.catalina.core.ApplicationFilterChain.doFilter(ApplicationFilterChain.java:128)
	at org.apache.tomcat.websocket.server.WsFilter.doFilter(WsFilter.java:53)
	at org.apache.catalina.core.ApplicationFilterChain.doFilter(ApplicationFilterChain.java:107)
	at org.springframework.web.filter.RequestContextFilter.doFilterInternal(RequestContextFilter.java:100)
	at org.springframework.web.filter.OncePerRequestFilter.doFilter(OncePerRequestFilter.java:116)
	at org.apache.catalina.core.ApplicationFilterChain.doFilter(ApplicationFilterChain.java:107)
	at org.springframework.web.filter.FormContentFilter.doFilterInternal(FormContentFilter.java:93)
	at org.springframework.web.filter.OncePerRequestFilter.doFilter(OncePerRequestFilter.java:116)
	at org.apache.catalina.core.ApplicationFilterChain.doFilter(ApplicationFilterChain.java:107)
	at org.springframework.web.filter.CharacterEncodingFilter.doFilterInternal(CharacterEncodingFilter.java:199)
	at org.springframework.web.filter.OncePerRequestFilter.doFilter(OncePerRequestFilter.java:116)
	at org.apache.catalina.core.ApplicationFilterChain.doFilter(ApplicationFilterChain.java:107)
	at org.apache.catalina.core.StandardWrapperValve.invoke(StandardWrapperValve.java:165)
	at org.apache.catalina.core.StandardContextValve.invoke(StandardContextValve.java:77)
	at org.apache.catalina.authenticator.AuthenticatorBase.invoke(AuthenticatorBase.java:492)
	at org.apache.catalina.core.StandardHostValve.invoke(StandardHostValve.java:113)
	at org.apache.catalina.valves.ErrorReportValve.invoke(ErrorReportValve.java:83)
	at org.apache.catalina.core.StandardEngineValve.invoke(StandardEngineValve.java:72)
	at org.apache.catalina.connector.CoyoteAdapter.service(CoyoteAdapter.java:341)
	at org.apache.coyote.http11.Http11Processor.service(Http11Processor.java:397)
	at org.apache.coyote.AbstractProcessorLight.process(AbstractProcessorLight.java:63)
	at org.apache.coyote.AbstractProtocol$ConnectionHandler.process(AbstractProtocol.java:1272)
	at org.apache.tomcat.util.net.NioEndpoint$SocketProcessor.doRun(NioEndpoint.java:1801)
	at org.apache.tomcat.util.net.SocketProcessorBase.run(SocketProcessorBase.java:52)
	at org.apache.tomcat.util.threads.ThreadPoolExecutor.runWorker(ThreadPoolExecutor.java:946)
	at org.apache.tomcat.util.threads.ThreadPoolExecutor$Worker.run(ThreadPoolExecutor.java:480)
	at org.apache.tomcat.util.threads.TaskThread$WrappingRunnable.run(TaskThread.java:57)
	at java.base/java.lang.Thread.run(Thread.java:1575)
Caused by: java.net.ConnectException
	at java.net.http/jdk.internal.net.http.common.Utils.toConnectException(Utils.java:1082)
	at java.net.http/jdk.internal.net.http.PlainHttpConnection.connectAsync(PlainHttpConnection.java:227)
	at java.net.http/jdk.internal.net.http.PlainHttpConnection.checkRetryConnect(PlainHttpConnection.java:280)
	at java.net.http/jdk.internal.net.http.PlainHttpConnection.lambda$connectAsync$2(PlainHttpConnection.java:238)
	at java.base/java.util.concurrent.CompletableFuture.uniHandle(CompletableFuture.java:978)
	at java.base/java.util.concurrent.CompletableFuture$UniHandle.tryFire(CompletableFuture.java:955)
	at java.base/java.util.concurrent.CompletableFuture.postComplete(CompletableFuture.java:554)
	at java.base/java.util.concurrent.CompletableFuture$AsyncSupply.run(CompletableFuture.java:1817)
	at java.base/java.util.concurrent.ThreadPoolExecutor.runWorker(ThreadPoolExecutor.java:1144)
	at java.base/java.util.concurrent.ThreadPoolExecutor$Worker.run(ThreadPoolExecutor.java:642)
	... 1 common frames omitted
Caused by: java.nio.channels.ClosedChannelException
	at java.base/sun.nio.ch.SocketChannelImpl.ensureOpen(SocketChannelImpl.java:204)
	at java.base/sun.nio.ch.SocketChannelImpl.connect(SocketChannelImpl.java:958)
	at java.net.http/jdk.internal.net.http.PlainHttpConnection.lambda$connectAsync$1(PlainHttpConnection.java:210)
	at java.base/java.security.AccessController.doPrivileged(AccessController.java:571)
	at java.net.http/jdk.internal.net.http.PlainHttpConnection.connectAsync(PlainHttpConnection.java:212)
	... 9 common frames omitted
2026-08-22 22:54:54 [http-nio-8083-exec-10] DEBUG c.m.t.controller.RapportController - GET /rapportTraitement - generation du rapport demandee
2026-08-22 22:54:54 [http-nio-8083-exec-10] DEBUG c.m.treatment.client.McoClient - Recuperation de tous les requests depuis http://localhost:8082/api/requests
2026-08-22 22:54:54 [http-nio-8083-exec-10] ERROR c.m.t.e.GlobalExceptionHandler - Erreur non geree interceptee dans treatment: I/O error on GET request for "http://localhost:8082/api/requests": null
org.springframework.web.client.ResourceAccessException: I/O error on GET request for "http://localhost:8082/api/requests": null
	at org.springframework.web.client.RestTemplate.createResourceAccessException(RestTemplate.java:780)
	at org.springframework.web.client.RestTemplate.doExecute(RestTemplate.java:760)
	at org.springframework.web.client.RestTemplate.execute(RestTemplate.java:677)
	at org.springframework.web.client.RestTemplate.getForObject(RestTemplate.java:304)
	at com.mcotools.treatment.client.McoClient.fetchAllRequests(McoClient.java:81)
	at com.mcotools.treatment.rules.TreatmentRulesService.evaluateConvertingError(TreatmentRulesService.java:51)
	at com.mcotools.treatment.rules.TreatmentRulesService.generateReport(TreatmentRulesService.java:37)
	at com.mcotools.treatment.controller.RapportController.rapportTraitement(RapportController.java:37)
	at java.base/jdk.internal.reflect.DirectMethodHandleAccessor.invoke(DirectMethodHandleAccessor.java:103)
	at java.base/java.lang.reflect.Method.invoke(Method.java:580)
	at org.springframework.web.method.support.InvocableHandlerMethod.doInvoke(InvocableHandlerMethod.java:252)
	at org.springframework.web.method.support.InvocableHandlerMethod.invokeForRequest(InvocableHandlerMethod.java:184)
	at org.springframework.web.servlet.mvc.method.annotation.ServletInvocableHandlerMethod.invokeAndHandle(ServletInvocableHandlerMethod.java:117)
	at org.springframework.web.servlet.mvc.method.annotation.RequestMappingHandlerAdapter.invokeHandlerMethod(RequestMappingHandlerAdapter.java:934)
	at org.springframework.web.servlet.mvc.method.annotation.RequestMappingHandlerAdapter.handleInternal(RequestMappingHandlerAdapter.java:853)
	at org.springframework.web.servlet.mvc.method.AbstractHandlerMethodAdapter.handle(AbstractHandlerMethodAdapter.java:86)
	at org.springframework.web.servlet.DispatcherServlet.doDispatch(DispatcherServlet.java:963)
	at org.springframework.web.servlet.DispatcherServlet.doService(DispatcherServlet.java:866)
	at org.springframework.web.servlet.FrameworkServlet.processRequest(FrameworkServlet.java:1000)
	at org.springframework.web.servlet.FrameworkServlet.doGet(FrameworkServlet.java:892)
	at jakarta.servlet.http.HttpServlet.service(HttpServlet.java:622)
	at org.springframework.web.servlet.FrameworkServlet.service(FrameworkServlet.java:874)
	at jakarta.servlet.http.HttpServlet.service(HttpServlet.java:710)
	at org.apache.catalina.core.ApplicationFilterChain.doFilter(ApplicationFilterChain.java:128)
	at org.apache.tomcat.websocket.server.WsFilter.doFilter(WsFilter.java:53)
	at org.apache.catalina.core.ApplicationFilterChain.doFilter(ApplicationFilterChain.java:107)
	at org.springframework.web.filter.RequestContextFilter.doFilterInternal(RequestContextFilter.java:100)
	at org.springframework.web.filter.OncePerRequestFilter.doFilter(OncePerRequestFilter.java:116)
	at org.apache.catalina.core.ApplicationFilterChain.doFilter(ApplicationFilterChain.java:107)
	at org.springframework.web.filter.FormContentFilter.doFilterInternal(FormContentFilter.java:93)
	at org.springframework.web.filter.OncePerRequestFilter.doFilter(OncePerRequestFilter.java:116)
	at org.apache.catalina.core.ApplicationFilterChain.doFilter(ApplicationFilterChain.java:107)
	at org.springframework.web.filter.CharacterEncodingFilter.doFilterInternal(CharacterEncodingFilter.java:199)
	at org.springframework.web.filter.OncePerRequestFilter.doFilter(OncePerRequestFilter.java:116)
	at org.apache.catalina.core.ApplicationFilterChain.doFilter(ApplicationFilterChain.java:107)
	at org.apache.catalina.core.StandardWrapperValve.invoke(StandardWrapperValve.java:165)
	at org.apache.catalina.core.StandardContextValve.invoke(StandardContextValve.java:77)
	at org.apache.catalina.authenticator.AuthenticatorBase.invoke(AuthenticatorBase.java:492)
	at org.apache.catalina.core.StandardHostValve.invoke(StandardHostValve.java:113)
	at org.apache.catalina.valves.ErrorReportValve.invoke(ErrorReportValve.java:83)
	at org.apache.catalina.core.StandardEngineValve.invoke(StandardEngineValve.java:72)
	at org.apache.catalina.connector.CoyoteAdapter.service(CoyoteAdapter.java:341)
	at org.apache.coyote.http11.Http11Processor.service(Http11Processor.java:397)
	at org.apache.coyote.AbstractProcessorLight.process(AbstractProcessorLight.java:63)
	at org.apache.coyote.AbstractProtocol$ConnectionHandler.process(AbstractProtocol.java:1272)
	at org.apache.tomcat.util.net.NioEndpoint$SocketProcessor.doRun(NioEndpoint.java:1801)
	at org.apache.tomcat.util.net.SocketProcessorBase.run(SocketProcessorBase.java:52)
	at org.apache.tomcat.util.threads.ThreadPoolExecutor.runWorker(ThreadPoolExecutor.java:946)
	at org.apache.tomcat.util.threads.ThreadPoolExecutor$Worker.run(ThreadPoolExecutor.java:480)
	at org.apache.tomcat.util.threads.TaskThread$WrappingRunnable.run(TaskThread.java:57)
	at java.base/java.lang.Thread.run(Thread.java:1575)
Caused by: java.net.ConnectException
	at java.net.http/jdk.internal.net.http.common.Utils.toConnectException(Utils.java:1082)
	at java.net.http/jdk.internal.net.http.PlainHttpConnection.connectAsync(PlainHttpConnection.java:227)
	at java.net.http/jdk.internal.net.http.PlainHttpConnection.checkRetryConnect(PlainHttpConnection.java:280)
	at java.net.http/jdk.internal.net.http.PlainHttpConnection.lambda$connectAsync$2(PlainHttpConnection.java:238)
	at java.base/java.util.concurrent.CompletableFuture.uniHandle(CompletableFuture.java:978)
	at java.base/java.util.concurrent.CompletableFuture$UniHandle.tryFire(CompletableFuture.java:955)
	at java.base/java.util.concurrent.CompletableFuture.postComplete(CompletableFuture.java:554)
	at java.base/java.util.concurrent.CompletableFuture$AsyncSupply.run(CompletableFuture.java:1817)
	at java.base/java.util.concurrent.ThreadPoolExecutor.runWorker(ThreadPoolExecutor.java:1144)
	at java.base/java.util.concurrent.ThreadPoolExecutor$Worker.run(ThreadPoolExecutor.java:642)
	... 1 common frames omitted
Caused by: java.nio.channels.ClosedChannelException
	at java.base/sun.nio.ch.SocketChannelImpl.ensureOpen(SocketChannelImpl.java:204)
	at java.base/sun.nio.ch.SocketChannelImpl.connect(SocketChannelImpl.java:958)
	at java.net.http/jdk.internal.net.http.PlainHttpConnection.lambda$connectAsync$1(PlainHttpConnection.java:210)
	at java.base/java.security.AccessController.doPrivileged(AccessController.java:571)
	at java.net.http/jdk.internal.net.http.PlainHttpConnection.connectAsync(PlainHttpConnection.java:212)
	... 9 common frames omitted
2026-08-22 22:56:21 [http-nio-8083-exec-2] DEBUG c.m.t.controller.RapportController - GET /rapportTraitement - generation du rapport demandee
2026-08-22 22:56:21 [http-nio-8083-exec-2] DEBUG c.m.treatment.client.McoClient - Recuperation de tous les requests depuis http://localhost:8082/api/requests
2026-08-22 22:56:21 [http-nio-8083-exec-2] DEBUG c.m.treatment.client.McoClient - Recuperation de tous les requests depuis http://localhost:8082/api/requests
2026-08-22 22:56:21 [http-nio-8083-exec-2] DEBUG c.m.treatment.client.McoClient - Recuperation de tous les requests depuis http://localhost:8082/api/requests
2026-08-22 22:56:21 [http-nio-8083-exec-2] DEBUG c.m.treatment.client.McoClient - Recuperation de tous les requests depuis http://localhost:8082/api/requests
2026-08-22 22:56:22 [http-nio-8083-exec-2] DEBUG c.m.treatment.client.McoClient - Recuperation de tous les requests depuis http://localhost:8082/api/requests
2026-08-22 22:56:22 [http-nio-8083-exec-2] DEBUG c.m.treatment.client.McoClient - Recuperation du request 174406418 depuis http://localhost:8082/api/requests
2026-08-22 22:56:22 [http-nio-8083-exec-2] DEBUG c.m.treatment.client.McoClient - Recuperation de tous les batches depuis http://localhost:8082/api/batches
2026-08-22 22:56:22 [http-nio-8083-exec-2] DEBUG c.m.treatment.client.McoClient - Recuperation de tous les deposits depuis http://localhost:8082/api/deposits
2026-08-22 22:56:22 [http-nio-8083-exec-2] INFO  c.m.t.rules.TreatmentRulesService - Rapport de traitement genere : 156 ligne(s)
2026-08-22 22:56:22 [http-nio-8083-exec-2] INFO  c.m.t.controller.RapportController - GET /rapportTraitement - 156 ligne(s) retournee(s)
2026-08-22 22:56:31 [http-nio-8083-exec-3] ERROR c.m.t.e.GlobalExceptionHandler - Erreur non geree interceptee dans treatment: No static resource rapportTraitement/json for request '/rapportTraitement/json'.
org.springframework.web.servlet.resource.NoResourceFoundException: No static resource rapportTraitement/json for request '/rapportTraitement/json'.
	at org.springframework.web.servlet.resource.ResourceHttpRequestHandler.handleRequest(ResourceHttpRequestHandler.java:527)
	at org.springframework.web.servlet.mvc.HttpRequestHandlerAdapter.handle(HttpRequestHandlerAdapter.java:50)
	at org.springframework.web.servlet.DispatcherServlet.doDispatch(DispatcherServlet.java:963)
	at org.springframework.web.servlet.DispatcherServlet.doService(DispatcherServlet.java:866)
	at org.springframework.web.servlet.FrameworkServlet.processRequest(FrameworkServlet.java:1000)
	at org.springframework.web.servlet.FrameworkServlet.doGet(FrameworkServlet.java:892)
	at jakarta.servlet.http.HttpServlet.service(HttpServlet.java:622)
	at org.springframework.web.servlet.FrameworkServlet.service(FrameworkServlet.java:874)
	at jakarta.servlet.http.HttpServlet.service(HttpServlet.java:710)
	at org.apache.catalina.core.ApplicationFilterChain.doFilter(ApplicationFilterChain.java:128)
	at org.apache.tomcat.websocket.server.WsFilter.doFilter(WsFilter.java:53)
	at org.apache.catalina.core.ApplicationFilterChain.doFilter(ApplicationFilterChain.java:107)
	at org.springframework.web.filter.RequestContextFilter.doFilterInternal(RequestContextFilter.java:100)
	at org.springframework.web.filter.OncePerRequestFilter.doFilter(OncePerRequestFilter.java:116)
	at org.apache.catalina.core.ApplicationFilterChain.doFilter(ApplicationFilterChain.java:107)
	at org.springframework.web.filter.FormContentFilter.doFilterInternal(FormContentFilter.java:93)
	at org.springframework.web.filter.OncePerRequestFilter.doFilter(OncePerRequestFilter.java:116)
	at org.apache.catalina.core.ApplicationFilterChain.doFilter(ApplicationFilterChain.java:107)
	at org.springframework.web.filter.CharacterEncodingFilter.doFilterInternal(CharacterEncodingFilter.java:199)
	at org.springframework.web.filter.OncePerRequestFilter.doFilter(OncePerRequestFilter.java:116)
	at org.apache.catalina.core.ApplicationFilterChain.doFilter(ApplicationFilterChain.java:107)
	at org.apache.catalina.core.StandardWrapperValve.invoke(StandardWrapperValve.java:165)
	at org.apache.catalina.core.StandardContextValve.invoke(StandardContextValve.java:77)
	at org.apache.catalina.authenticator.AuthenticatorBase.invoke(AuthenticatorBase.java:492)
	at org.apache.catalina.core.StandardHostValve.invoke(StandardHostValve.java:113)
	at org.apache.catalina.valves.ErrorReportValve.invoke(ErrorReportValve.java:83)
	at org.apache.catalina.core.StandardEngineValve.invoke(StandardEngineValve.java:72)
	at org.apache.catalina.connector.CoyoteAdapter.service(CoyoteAdapter.java:341)
	at org.apache.coyote.http11.Http11Processor.service(Http11Processor.java:397)
	at org.apache.coyote.AbstractProcessorLight.process(AbstractProcessorLight.java:63)
	at org.apache.coyote.AbstractProtocol$ConnectionHandler.process(AbstractProtocol.java:1272)
	at org.apache.tomcat.util.net.NioEndpoint$SocketProcessor.doRun(NioEndpoint.java:1801)
	at org.apache.tomcat.util.net.SocketProcessorBase.run(SocketProcessorBase.java:52)
	at org.apache.tomcat.util.threads.ThreadPoolExecutor.runWorker(ThreadPoolExecutor.java:946)
	at org.apache.tomcat.util.threads.ThreadPoolExecutor$Worker.run(ThreadPoolExecutor.java:480)
	at org.apache.tomcat.util.threads.TaskThread$WrappingRunnable.run(TaskThread.java:57)
	at java.base/java.lang.Thread.run(Thread.java:1575)
2026-08-22 22:56:33 [http-nio-8083-exec-5] ERROR c.m.t.e.GlobalExceptionHandler - Erreur non geree interceptee dans treatment: No static resource rapportTraitement/json for request '/rapportTraitement/json'.
org.springframework.web.servlet.resource.NoResourceFoundException: No static resource rapportTraitement/json for request '/rapportTraitement/json'.
	at org.springframework.web.servlet.resource.ResourceHttpRequestHandler.handleRequest(ResourceHttpRequestHandler.java:527)
	at org.springframework.web.servlet.mvc.HttpRequestHandlerAdapter.handle(HttpRequestHandlerAdapter.java:50)
	at org.springframework.web.servlet.DispatcherServlet.doDispatch(DispatcherServlet.java:963)
	at org.springframework.web.servlet.DispatcherServlet.doService(DispatcherServlet.java:866)
	at org.springframework.web.servlet.FrameworkServlet.processRequest(FrameworkServlet.java:1000)
	at org.springframework.web.servlet.FrameworkServlet.doGet(FrameworkServlet.java:892)
	at jakarta.servlet.http.HttpServlet.service(HttpServlet.java:622)
	at org.springframework.web.servlet.FrameworkServlet.service(FrameworkServlet.java:874)
	at jakarta.servlet.http.HttpServlet.service(HttpServlet.java:710)
	at org.apache.catalina.core.ApplicationFilterChain.doFilter(ApplicationFilterChain.java:128)
	at org.apache.tomcat.websocket.server.WsFilter.doFilter(WsFilter.java:53)
	at org.apache.catalina.core.ApplicationFilterChain.doFilter(ApplicationFilterChain.java:107)
	at org.springframework.web.filter.RequestContextFilter.doFilterInternal(RequestContextFilter.java:100)
	at org.springframework.web.filter.OncePerRequestFilter.doFilter(OncePerRequestFilter.java:116)
	at org.apache.catalina.core.ApplicationFilterChain.doFilter(ApplicationFilterChain.java:107)
	at org.springframework.web.filter.FormContentFilter.doFilterInternal(FormContentFilter.java:93)
	at org.springframework.web.filter.OncePerRequestFilter.doFilter(OncePerRequestFilter.java:116)
	at org.apache.catalina.core.ApplicationFilterChain.doFilter(ApplicationFilterChain.java:107)
	at org.springframework.web.filter.CharacterEncodingFilter.doFilterInternal(CharacterEncodingFilter.java:199)
	at org.springframework.web.filter.OncePerRequestFilter.doFilter(OncePerRequestFilter.java:116)
	at org.apache.catalina.core.ApplicationFilterChain.doFilter(ApplicationFilterChain.java:107)
	at org.apache.catalina.core.StandardWrapperValve.invoke(StandardWrapperValve.java:165)
	at org.apache.catalina.core.StandardContextValve.invoke(StandardContextValve.java:77)
	at org.apache.catalina.authenticator.AuthenticatorBase.invoke(AuthenticatorBase.java:492)
	at org.apache.catalina.core.StandardHostValve.invoke(StandardHostValve.java:113)
	at org.apache.catalina.valves.ErrorReportValve.invoke(ErrorReportValve.java:83)
	at org.apache.catalina.core.StandardEngineValve.invoke(StandardEngineValve.java:72)
	at org.apache.catalina.connector.CoyoteAdapter.service(CoyoteAdapter.java:341)
	at org.apache.coyote.http11.Http11Processor.service(Http11Processor.java:397)
	at org.apache.coyote.AbstractProcessorLight.process(AbstractProcessorLight.java:63)
	at org.apache.coyote.AbstractProtocol$ConnectionHandler.process(AbstractProtocol.java:1272)
	at org.apache.tomcat.util.net.NioEndpoint$SocketProcessor.doRun(NioEndpoint.java:1801)
	at org.apache.tomcat.util.net.SocketProcessorBase.run(SocketProcessorBase.java:52)
	at org.apache.tomcat.util.threads.ThreadPoolExecutor.runWorker(ThreadPoolExecutor.java:946)
	at org.apache.tomcat.util.threads.ThreadPoolExecutor$Worker.run(ThreadPoolExecutor.java:480)
	at org.apache.tomcat.util.threads.TaskThread$WrappingRunnable.run(TaskThread.java:57)
	at java.base/java.lang.Thread.run(Thread.java:1575)
2026-08-22 22:56:42 [http-nio-8083-exec-7] DEBUG c.m.t.controller.RapportController - GET /rapportTraitement/pdf - generation du rapport PDF demandee
2026-08-22 22:56:42 [http-nio-8083-exec-7] DEBUG c.m.treatment.client.McoClient - Recuperation de tous les requests depuis http://localhost:8082/api/requests
2026-08-22 22:56:42 [http-nio-8083-exec-7] DEBUG c.m.treatment.client.McoClient - Recuperation de tous les requests depuis http://localhost:8082/api/requests
2026-08-22 22:56:42 [http-nio-8083-exec-7] DEBUG c.m.treatment.client.McoClient - Recuperation de tous les requests depuis http://localhost:8082/api/requests
2026-08-22 22:56:42 [http-nio-8083-exec-7] DEBUG c.m.treatment.client.McoClient - Recuperation de tous les requests depuis http://localhost:8082/api/requests
2026-08-22 22:56:42 [http-nio-8083-exec-7] DEBUG c.m.treatment.client.McoClient - Recuperation de tous les requests depuis http://localhost:8082/api/requests
2026-08-22 22:56:43 [http-nio-8083-exec-7] DEBUG c.m.treatment.client.McoClient - Recuperation du request 174406418 depuis http://localhost:8082/api/requests
2026-08-22 22:56:43 [http-nio-8083-exec-7] DEBUG c.m.treatment.client.McoClient - Recuperation de tous les batches depuis http://localhost:8082/api/batches
2026-08-22 22:56:43 [http-nio-8083-exec-7] DEBUG c.m.treatment.client.McoClient - Recuperation de tous les deposits depuis http://localhost:8082/api/deposits
2026-08-22 22:56:43 [http-nio-8083-exec-7] INFO  c.m.t.rules.TreatmentRulesService - Rapport de traitement genere : 156 ligne(s)
2026-08-22 22:56:43 [http-nio-8083-exec-7] INFO  c.m.treatment.rules.PdfReportService - Rapport PDF genere : 156 ligne(s), 6 page(s)
2026-08-22 22:56:43 [http-nio-8083-exec-7] INFO  c.m.t.controller.RapportController - GET /rapportTraitement/pdf - PDF genere (156 ligne(s), 8064 octets)
2026-08-22 22:59:59 [http-nio-8083-exec-10] DEBUG c.m.t.controller.RapportController - GET /rapportTraitement/pdf - generation du rapport PDF demandee
2026-08-22 22:59:59 [http-nio-8083-exec-10] DEBUG c.m.treatment.client.McoClient - Recuperation de tous les requests depuis http://localhost:8082/api/requests
2026-08-22 22:59:59 [http-nio-8083-exec-10] DEBUG c.m.treatment.client.McoClient - Recuperation de tous les requests depuis http://localhost:8082/api/requests
2026-08-22 22:59:59 [http-nio-8083-exec-10] DEBUG c.m.treatment.client.McoClient - Recuperation de tous les requests depuis http://localhost:8082/api/requests
2026-08-22 22:59:59 [http-nio-8083-exec-10] DEBUG c.m.treatment.client.McoClient - Recuperation de tous les requests depuis http://localhost:8082/api/requests
2026-08-22 22:59:59 [http-nio-8083-exec-10] DEBUG c.m.treatment.client.McoClient - Recuperation de tous les requests depuis http://localhost:8082/api/requests
2026-08-22 22:59:59 [http-nio-8083-exec-10] DEBUG c.m.treatment.client.McoClient - Recuperation du request 174406418 depuis http://localhost:8082/api/requests
2026-08-22 22:59:59 [http-nio-8083-exec-10] DEBUG c.m.treatment.client.McoClient - Recuperation de tous les batches depuis http://localhost:8082/api/batches
2026-08-22 22:59:59 [http-nio-8083-exec-10] DEBUG c.m.treatment.client.McoClient - Recuperation de tous les deposits depuis http://localhost:8082/api/deposits
2026-08-22 22:59:59 [http-nio-8083-exec-10] INFO  c.m.t.rules.TreatmentRulesService - Rapport de traitement genere : 156 ligne(s)
2026-08-22 22:59:59 [http-nio-8083-exec-10] INFO  c.m.treatment.rules.PdfReportService - Rapport PDF genere : 156 ligne(s), 6 page(s)
2026-08-22 22:59:59 [http-nio-8083-exec-10] INFO  c.m.t.controller.RapportController - GET /rapportTraitement/pdf - PDF genere (156 ligne(s), 8066 octets)
2026-08-22 23:01:25 [http-nio-8083-exec-3] DEBUG c.m.t.controller.RapportController - GET /rapportTraitement/pdf - generation du rapport PDF demandee
2026-08-22 23:01:25 [http-nio-8083-exec-3] DEBUG c.m.treatment.client.McoClient - Recuperation de tous les requests depuis http://localhost:8082/api/requests
2026-08-22 23:01:25 [http-nio-8083-exec-3] DEBUG c.m.treatment.client.McoClient - Recuperation de tous les requests depuis http://localhost:8082/api/requests
2026-08-22 23:01:25 [http-nio-8083-exec-3] DEBUG c.m.treatment.client.McoClient - Recuperation de tous les requests depuis http://localhost:8082/api/requests
2026-08-22 23:01:25 [http-nio-8083-exec-3] DEBUG c.m.treatment.client.McoClient - Recuperation de tous les requests depuis http://localhost:8082/api/requests
2026-08-22 23:01:25 [http-nio-8083-exec-3] DEBUG c.m.treatment.client.McoClient - Recuperation de tous les requests depuis http://localhost:8082/api/requests
2026-08-22 23:01:25 [http-nio-8083-exec-3] DEBUG c.m.treatment.client.McoClient - Recuperation du request 174406418 depuis http://localhost:8082/api/requests
2026-08-22 23:01:25 [http-nio-8083-exec-3] DEBUG c.m.treatment.client.McoClient - Recuperation de tous les batches depuis http://localhost:8082/api/batches
2026-08-22 23:01:25 [http-nio-8083-exec-3] DEBUG c.m.treatment.client.McoClient - Recuperation de tous les deposits depuis http://localhost:8082/api/deposits
2026-08-22 23:01:25 [http-nio-8083-exec-3] INFO  c.m.t.rules.TreatmentRulesService - Rapport de traitement genere : 156 ligne(s)
2026-08-22 23:01:25 [http-nio-8083-exec-3] INFO  c.m.treatment.rules.PdfReportService - Rapport PDF genere : 156 ligne(s), 6 page(s)
2026-08-22 23:01:25 [http-nio-8083-exec-3] INFO  c.m.t.controller.RapportController - GET /rapportTraitement/pdf - PDF genere (156 ligne(s), 8064 octets)
2026-08-22 23:08:36 [http-nio-8083-exec-6] DEBUG c.m.t.controller.RapportController - GET /rapportTraitement/pdf - generation du rapport PDF demandee
2026-08-22 23:08:36 [http-nio-8083-exec-6] DEBUG c.m.treatment.client.McoClient - Recuperation de tous les requests depuis http://localhost:8082/api/requests
2026-08-22 23:08:36 [http-nio-8083-exec-6] DEBUG c.m.treatment.client.McoClient - Recuperation de tous les requests depuis http://localhost:8082/api/requests
2026-08-22 23:08:36 [http-nio-8083-exec-6] DEBUG c.m.treatment.client.McoClient - Recuperation de tous les requests depuis http://localhost:8082/api/requests
2026-08-22 23:08:36 [http-nio-8083-exec-6] DEBUG c.m.treatment.client.McoClient - Recuperation de tous les requests depuis http://localhost:8082/api/requests
2026-08-22 23:08:36 [http-nio-8083-exec-6] DEBUG c.m.treatment.client.McoClient - Recuperation de tous les requests depuis http://localhost:8082/api/requests
2026-08-22 23:08:36 [http-nio-8083-exec-6] DEBUG c.m.treatment.client.McoClient - Recuperation du request 174406418 depuis http://localhost:8082/api/requests
2026-08-22 23:08:36 [http-nio-8083-exec-6] DEBUG c.m.treatment.client.McoClient - Recuperation de tous les batches depuis http://localhost:8082/api/batches
2026-08-22 23:08:36 [http-nio-8083-exec-6] DEBUG c.m.treatment.client.McoClient - Recuperation de tous les deposits depuis http://localhost:8082/api/deposits
2026-08-22 23:08:36 [http-nio-8083-exec-6] INFO  c.m.t.rules.TreatmentRulesService - Rapport de traitement genere : 156 ligne(s)
2026-08-22 23:08:36 [http-nio-8083-exec-6] INFO  c.m.treatment.rules.PdfReportService - Rapport PDF genere : 156 ligne(s), 6 page(s)
2026-08-22 23:08:36 [http-nio-8083-exec-6] INFO  c.m.t.controller.RapportController - GET /rapportTraitement/pdf - PDF genere (156 ligne(s), 8064 octets)
2026-08-22 23:12:06 [http-nio-8083-exec-9] DEBUG c.m.t.controller.RapportController - GET /rapportTraitement/pdf - generation du rapport PDF demandee
2026-08-22 23:12:06 [http-nio-8083-exec-9] DEBUG c.m.treatment.client.McoClient - Recuperation de tous les requests depuis http://localhost:8082/api/requests
2026-08-22 23:12:06 [http-nio-8083-exec-9] DEBUG c.m.treatment.client.McoClient - Recuperation de tous les requests depuis http://localhost:8082/api/requests
2026-08-22 23:12:06 [http-nio-8083-exec-9] DEBUG c.m.treatment.client.McoClient - Recuperation de tous les requests depuis http://localhost:8082/api/requests
2026-08-22 23:12:06 [http-nio-8083-exec-9] DEBUG c.m.treatment.client.McoClient - Recuperation de tous les requests depuis http://localhost:8082/api/requests
2026-08-22 23:12:06 [http-nio-8083-exec-9] DEBUG c.m.treatment.client.McoClient - Recuperation de tous les requests depuis http://localhost:8082/api/requests
2026-08-22 23:12:06 [http-nio-8083-exec-9] DEBUG c.m.treatment.client.McoClient - Recuperation du request 174406418 depuis http://localhost:8082/api/requests
2026-08-22 23:12:06 [http-nio-8083-exec-9] DEBUG c.m.treatment.client.McoClient - Recuperation de tous les batches depuis http://localhost:8082/api/batches
2026-08-22 23:12:06 [http-nio-8083-exec-9] DEBUG c.m.treatment.client.McoClient - Recuperation de tous les deposits depuis http://localhost:8082/api/deposits
2026-08-22 23:12:06 [http-nio-8083-exec-9] INFO  c.m.t.rules.TreatmentRulesService - Rapport de traitement genere : 156 ligne(s)
2026-08-22 23:12:06 [http-nio-8083-exec-9] INFO  c.m.treatment.rules.PdfReportService - Rapport PDF genere : 156 ligne(s), 6 page(s)
2026-08-22 23:12:06 [http-nio-8083-exec-9] INFO  c.m.t.controller.RapportController - GET /rapportTraitement/pdf - PDF genere (156 ligne(s), 8064 octets)
2026-08-22 23:18:46 [http-nio-8083-exec-2] DEBUG c.m.t.controller.RapportController - GET /rapportTraitement/pdf - generation du rapport PDF demandee
2026-08-22 23:18:46 [http-nio-8083-exec-2] DEBUG c.m.treatment.client.McoClient - Recuperation de tous les requests depuis http://localhost:8082/api/requests
2026-08-22 23:18:47 [http-nio-8083-exec-2] DEBUG c.m.treatment.client.McoClient - Recuperation de tous les requests depuis http://localhost:8082/api/requests
2026-08-22 23:18:47 [http-nio-8083-exec-2] DEBUG c.m.treatment.client.McoClient - Recuperation de tous les requests depuis http://localhost:8082/api/requests
2026-08-22 23:18:47 [http-nio-8083-exec-2] DEBUG c.m.treatment.client.McoClient - Recuperation de tous les requests depuis http://localhost:8082/api/requests
2026-08-22 23:18:47 [http-nio-8083-exec-2] DEBUG c.m.treatment.client.McoClient - Recuperation de tous les requests depuis http://localhost:8082/api/requests
2026-08-22 23:18:47 [http-nio-8083-exec-2] DEBUG c.m.treatment.client.McoClient - Recuperation du request 174406418 depuis http://localhost:8082/api/requests
2026-08-22 23:18:47 [http-nio-8083-exec-2] DEBUG c.m.treatment.client.McoClient - Recuperation de tous les batches depuis http://localhost:8082/api/batches
2026-08-22 23:18:47 [http-nio-8083-exec-2] DEBUG c.m.treatment.client.McoClient - Recuperation de tous les deposits depuis http://localhost:8082/api/deposits
2026-08-22 23:18:47 [http-nio-8083-exec-2] INFO  c.m.t.rules.TreatmentRulesService - Rapport de traitement genere : 156 ligne(s)
2026-08-22 23:18:47 [http-nio-8083-exec-2] INFO  c.m.treatment.rules.PdfReportService - Rapport PDF genere : 156 ligne(s), 6 page(s)
2026-08-22 23:18:47 [http-nio-8083-exec-2] INFO  c.m.t.controller.RapportController - GET /rapportTraitement/pdf - PDF genere (156 ligne(s), 8066 octets)
2026-08-22 23:18:56 [http-nio-8083-exec-3] DEBUG c.m.t.controller.RapportController - GET /rapportTraitement/pdf - generation du rapport PDF demandee
2026-08-22 23:18:56 [http-nio-8083-exec-3] DEBUG c.m.treatment.client.McoClient - Recuperation de tous les requests depuis http://localhost:8082/api/requests
2026-08-22 23:18:56 [http-nio-8083-exec-3] DEBUG c.m.treatment.client.McoClient - Recuperation de tous les requests depuis http://localhost:8082/api/requests
2026-08-22 23:18:56 [http-nio-8083-exec-3] DEBUG c.m.treatment.client.McoClient - Recuperation de tous les requests depuis http://localhost:8082/api/requests
2026-08-22 23:18:56 [http-nio-8083-exec-3] DEBUG c.m.treatment.client.McoClient - Recuperation de tous les requests depuis http://localhost:8082/api/requests
2026-08-22 23:18:56 [http-nio-8083-exec-3] DEBUG c.m.treatment.client.McoClient - Recuperation de tous les requests depuis http://localhost:8082/api/requests
2026-08-22 23:18:56 [http-nio-8083-exec-3] DEBUG c.m.treatment.client.McoClient - Recuperation du request 174406418 depuis http://localhost:8082/api/requests
2026-08-22 23:18:56 [http-nio-8083-exec-3] DEBUG c.m.treatment.client.McoClient - Recuperation de tous les batches depuis http://localhost:8082/api/batches
2026-08-22 23:18:56 [http-nio-8083-exec-3] DEBUG c.m.treatment.client.McoClient - Recuperation de tous les deposits depuis http://localhost:8082/api/deposits
2026-08-22 23:18:56 [http-nio-8083-exec-3] INFO  c.m.t.rules.TreatmentRulesService - Rapport de traitement genere : 156 ligne(s)
2026-08-22 23:18:56 [http-nio-8083-exec-3] INFO  c.m.treatment.rules.PdfReportService - Rapport PDF genere : 156 ligne(s), 6 page(s)
2026-08-22 23:18:56 [http-nio-8083-exec-3] INFO  c.m.t.controller.RapportController - GET /rapportTraitement/pdf - PDF genere (156 ligne(s), 8066 octets)
