2026-09-16 15:19:14 [main] INFO  c.m.treatment.TreatmentApplication - Starting TreatmentApplication using Java 23.0.2 with PID 21084 (C:\Users\zizom\OneDrive\Escritorio\MCOtools-front test\treatment\target\classes started by mouad in C:\Users\zizom\OneDrive\Escritorio\MCOtools-front test\treatment)
2026-09-16 15:19:14 [main] DEBUG c.m.treatment.TreatmentApplication - Running with Spring Boot v4.1.0, Spring v7.0.8
2026-09-16 15:19:14 [main] INFO  c.m.treatment.TreatmentApplication - No active profile set, falling back to 1 default profile: "default"
2026-09-16 15:19:16 [main] INFO  c.m.treatment.TreatmentApplication - Started TreatmentApplication in 3.053 seconds (process running for 3.596)
2026-09-16 15:19:16 [main] INFO  c.m.treatment.TreatmentApplication - Service treatment demarre avec succes
2026-09-16 15:24:18 [http-nio-8083-exec-1] INFO  o.s.web.servlet.DispatcherServlet - Initializing Servlet 'dispatcherServlet'
2026-09-16 15:24:18 [http-nio-8083-exec-1] INFO  o.s.web.servlet.DispatcherServlet - Completed initialization in 2 ms
2026-09-16 15:24:18 [http-nio-8083-exec-1] DEBUG c.m.t.controller.RapportController - GET /rapportTraitement/pdf - generation du rapport PDF demandee (sourceFile=MCOtools-24062026_08h50.txt)
2026-09-16 15:24:18 [http-nio-8083-exec-1] DEBUG c.m.treatment.client.McoClient - Recuperation des requests du fichier source MCOtools-24062026_08h50.txt depuis http://localhost:8082/api/requests/source
2026-09-16 15:24:19 [http-nio-8083-exec-1] DEBUG c.m.treatment.client.McoClient - Recuperation des requests du fichier source MCOtools-24062026_08h50.txt depuis http://localhost:8082/api/requests/source
2026-09-16 15:24:19 [http-nio-8083-exec-1] DEBUG c.m.treatment.client.McoClient - Recuperation des requests du fichier source MCOtools-24062026_08h50.txt depuis http://localhost:8082/api/requests/source
2026-09-16 15:24:19 [http-nio-8083-exec-1] DEBUG c.m.treatment.client.McoClient - Recuperation des requests du fichier source MCOtools-24062026_08h50.txt depuis http://localhost:8082/api/requests/source
2026-09-16 15:24:19 [http-nio-8083-exec-1] DEBUG c.m.treatment.client.McoClient - Recuperation des requests du fichier source MCOtools-24062026_08h50.txt depuis http://localhost:8082/api/requests/source
2026-09-16 15:24:19 [http-nio-8083-exec-1] DEBUG c.m.treatment.client.McoClient - Recuperation du request 174359647 depuis http://localhost:8082/api/requests
2026-09-16 15:24:19 [http-nio-8083-exec-1] DEBUG c.m.treatment.client.McoClient - Recuperation du request 174357307 depuis http://localhost:8082/api/requests
2026-09-16 15:24:19 [http-nio-8083-exec-1] DEBUG c.m.treatment.client.McoClient - Recuperation du request 174361755 depuis http://localhost:8082/api/requests
2026-09-16 15:24:19 [http-nio-8083-exec-1] DEBUG c.m.treatment.client.McoClient - Recuperation du request 174361758 depuis http://localhost:8082/api/requests
2026-09-16 15:24:19 [http-nio-8083-exec-1] DEBUG c.m.treatment.client.McoClient - Recuperation du request 174361762 depuis http://localhost:8082/api/requests
2026-09-16 15:24:19 [http-nio-8083-exec-1] DEBUG c.m.treatment.client.McoClient - Recuperation du request 174361765 depuis http://localhost:8082/api/requests
2026-09-16 15:24:19 [http-nio-8083-exec-1] DEBUG c.m.treatment.client.McoClient - Recuperation du request 174361768 depuis http://localhost:8082/api/requests
2026-09-16 15:24:19 [http-nio-8083-exec-1] DEBUG c.m.treatment.client.McoClient - Recuperation du request 174361769 depuis http://localhost:8082/api/requests
2026-09-16 15:24:19 [http-nio-8083-exec-1] DEBUG c.m.treatment.client.McoClient - Recuperation du request 174361770 depuis http://localhost:8082/api/requests
2026-09-16 15:24:19 [http-nio-8083-exec-1] DEBUG c.m.treatment.client.McoClient - Recuperation du request 174361772 depuis http://localhost:8082/api/requests
2026-09-16 15:24:19 [http-nio-8083-exec-1] DEBUG c.m.treatment.client.McoClient - Recuperation du request 174361773 depuis http://localhost:8082/api/requests
2026-09-16 15:24:19 [http-nio-8083-exec-1] DEBUG c.m.treatment.client.McoClient - Recuperation du request 174361777 depuis http://localhost:8082/api/requests
2026-09-16 15:24:19 [http-nio-8083-exec-1] DEBUG c.m.treatment.client.McoClient - Recuperation du request 174361780 depuis http://localhost:8082/api/requests
2026-09-16 15:24:19 [http-nio-8083-exec-1] DEBUG c.m.treatment.client.McoClient - Recuperation du request 174361783 depuis http://localhost:8082/api/requests
2026-09-16 15:24:19 [http-nio-8083-exec-1] DEBUG c.m.treatment.client.McoClient - Recuperation du request 174361784 depuis http://localhost:8082/api/requests
2026-09-16 15:24:19 [http-nio-8083-exec-1] DEBUG c.m.treatment.client.McoClient - Recuperation du request 174361786 depuis http://localhost:8082/api/requests
2026-09-16 15:24:19 [http-nio-8083-exec-1] DEBUG c.m.treatment.client.McoClient - Recuperation du request 174361788 depuis http://localhost:8082/api/requests
2026-09-16 15:24:19 [http-nio-8083-exec-1] DEBUG c.m.treatment.client.McoClient - Recuperation du request 174361789 depuis http://localhost:8082/api/requests
2026-09-16 15:24:19 [http-nio-8083-exec-1] DEBUG c.m.treatment.client.McoClient - Recuperation du request 174361791 depuis http://localhost:8082/api/requests
2026-09-16 15:24:19 [http-nio-8083-exec-1] DEBUG c.m.treatment.client.McoClient - Recuperation du request 174361793 depuis http://localhost:8082/api/requests
2026-09-16 15:24:19 [http-nio-8083-exec-1] DEBUG c.m.treatment.client.McoClient - Recuperation du request 174302828 depuis http://localhost:8082/api/requests
2026-09-16 15:24:19 [http-nio-8083-exec-1] DEBUG c.m.treatment.client.McoClient - Recuperation du request 174302853 depuis http://localhost:8082/api/requests
2026-09-16 15:24:19 [http-nio-8083-exec-1] DEBUG c.m.treatment.client.McoClient - Recuperation du request 174302854 depuis http://localhost:8082/api/requests
2026-09-16 15:24:19 [http-nio-8083-exec-1] DEBUG c.m.treatment.client.McoClient - Recuperation du request 174302856 depuis http://localhost:8082/api/requests
2026-09-16 15:24:19 [http-nio-8083-exec-1] DEBUG c.m.treatment.client.McoClient - Recuperation du request 174302859 depuis http://localhost:8082/api/requests
2026-09-16 15:24:19 [http-nio-8083-exec-1] DEBUG c.m.treatment.client.McoClient - Recuperation du request 174302883 depuis http://localhost:8082/api/requests
2026-09-16 15:24:19 [http-nio-8083-exec-1] DEBUG c.m.treatment.client.McoClient - Recuperation du request 174302885 depuis http://localhost:8082/api/requests
2026-09-16 15:24:19 [http-nio-8083-exec-1] DEBUG c.m.treatment.client.McoClient - Recuperation du request 174302900 depuis http://localhost:8082/api/requests
2026-09-16 15:24:19 [http-nio-8083-exec-1] DEBUG c.m.treatment.client.McoClient - Recuperation du request 174302904 depuis http://localhost:8082/api/requests
2026-09-16 15:24:19 [http-nio-8083-exec-1] DEBUG c.m.treatment.client.McoClient - Recuperation du request 174305045 depuis http://localhost:8082/api/requests
2026-09-16 15:24:19 [http-nio-8083-exec-1] DEBUG c.m.treatment.client.McoClient - Recuperation du request 174305050 depuis http://localhost:8082/api/requests
2026-09-16 15:24:19 [http-nio-8083-exec-1] DEBUG c.m.treatment.client.McoClient - Recuperation du request 174305077 depuis http://localhost:8082/api/requests
2026-09-16 15:24:19 [http-nio-8083-exec-1] DEBUG c.m.treatment.client.McoClient - Recuperation du request 174305082 depuis http://localhost:8082/api/requests
2026-09-16 15:24:19 [http-nio-8083-exec-1] DEBUG c.m.treatment.client.McoClient - Recuperation du request 174305092 depuis http://localhost:8082/api/requests
2026-09-16 15:24:19 [http-nio-8083-exec-1] DEBUG c.m.treatment.client.McoClient - Recuperation du request 174305093 depuis http://localhost:8082/api/requests
2026-09-16 15:24:19 [http-nio-8083-exec-1] DEBUG c.m.treatment.client.McoClient - Recuperation du request 174305139 depuis http://localhost:8082/api/requests
2026-09-16 15:24:19 [http-nio-8083-exec-1] DEBUG c.m.treatment.client.McoClient - Recuperation du request 174307195 depuis http://localhost:8082/api/requests
2026-09-16 15:24:19 [http-nio-8083-exec-1] DEBUG c.m.treatment.client.McoClient - Recuperation du request 174307207 depuis http://localhost:8082/api/requests
2026-09-16 15:24:19 [http-nio-8083-exec-1] DEBUG c.m.treatment.client.McoClient - Recuperation du request 174307219 depuis http://localhost:8082/api/requests
2026-09-16 15:24:19 [http-nio-8083-exec-1] DEBUG c.m.treatment.client.McoClient - Recuperation du request 174307229 depuis http://localhost:8082/api/requests
2026-09-16 15:24:19 [http-nio-8083-exec-1] DEBUG c.m.treatment.client.McoClient - Recuperation du request 174307249 depuis http://localhost:8082/api/requests
2026-09-16 15:24:19 [http-nio-8083-exec-1] DEBUG c.m.treatment.client.McoClient - Recuperation du request 174307257 depuis http://localhost:8082/api/requests
2026-09-16 15:24:19 [http-nio-8083-exec-1] DEBUG c.m.treatment.client.McoClient - Recuperation du request 174361763 depuis http://localhost:8082/api/requests
2026-09-16 15:24:19 [http-nio-8083-exec-1] DEBUG c.m.treatment.client.McoClient - Recuperation du request 174361775 depuis http://localhost:8082/api/requests
2026-09-16 15:24:19 [http-nio-8083-exec-1] DEBUG c.m.treatment.client.McoClient - Recuperation du request 174301701 depuis http://localhost:8082/api/requests
2026-09-16 15:24:19 [http-nio-8083-exec-1] DEBUG c.m.treatment.client.McoClient - Recuperation du request 174302865 depuis http://localhost:8082/api/requests
2026-09-16 15:24:19 [http-nio-8083-exec-1] DEBUG c.m.treatment.client.McoClient - Recuperation du request 174305057 depuis http://localhost:8082/api/requests
2026-09-16 15:24:19 [http-nio-8083-exec-1] DEBUG c.m.treatment.client.McoClient - Recuperation du request 174307199 depuis http://localhost:8082/api/requests
2026-09-16 15:24:19 [http-nio-8083-exec-1] DEBUG c.m.treatment.client.McoClient - Recuperation des batches du fichier source MCOtools-24062026_08h50.txt depuis http://localhost:8082/api/batches/source
2026-09-16 15:24:19 [http-nio-8083-exec-1] DEBUG c.m.treatment.client.McoClient - Recuperation des deposits du fichier source MCOtools-24062026_08h50.txt depuis http://localhost:8082/api/deposits/source
2026-09-16 15:24:19 [http-nio-8083-exec-1] INFO  c.m.t.rules.TreatmentRulesService - Rapport de traitement genere (source=MCOtools-24062026_08h50.txt) : 99 ligne(s)
2026-09-16 15:24:20 [http-nio-8083-exec-1] INFO  c.m.treatment.rules.PdfReportService - Rapport PDF genere : 99 ligne(s), 9 page(s)
2026-09-16 15:24:20 [http-nio-8083-exec-1] INFO  c.m.t.controller.RapportController - GET /rapportTraitement/pdf - PDF genere (99 ligne(s), 10951 octets)
2026-09-16 15:24:22 [http-nio-8083-exec-3] DEBUG c.m.t.controller.RapportController - GET /rapportTraitement/pdf - generation du rapport PDF demandee (sourceFile=MCOtools-25062026_14h10.txt)
2026-09-16 15:24:22 [http-nio-8083-exec-3] DEBUG c.m.treatment.client.McoClient - Recuperation des requests du fichier source MCOtools-25062026_14h10.txt depuis http://localhost:8082/api/requests/source
2026-09-16 15:24:22 [http-nio-8083-exec-3] DEBUG c.m.treatment.client.McoClient - Recuperation des requests du fichier source MCOtools-25062026_14h10.txt depuis http://localhost:8082/api/requests/source
2026-09-16 15:24:22 [http-nio-8083-exec-3] DEBUG c.m.treatment.client.McoClient - Recuperation des requests du fichier source MCOtools-25062026_14h10.txt depuis http://localhost:8082/api/requests/source
2026-09-16 15:24:22 [http-nio-8083-exec-3] DEBUG c.m.treatment.client.McoClient - Recuperation des requests du fichier source MCOtools-25062026_14h10.txt depuis http://localhost:8082/api/requests/source
2026-09-16 15:24:22 [http-nio-8083-exec-3] DEBUG c.m.treatment.client.McoClient - Recuperation des requests du fichier source MCOtools-25062026_14h10.txt depuis http://localhost:8082/api/requests/source
2026-09-16 15:24:22 [http-nio-8083-exec-3] DEBUG c.m.treatment.client.McoClient - Recuperation du request 174403024 depuis http://localhost:8082/api/requests
2026-09-16 15:24:22 [http-nio-8083-exec-3] DEBUG c.m.treatment.client.McoClient - Recuperation des batches du fichier source MCOtools-25062026_14h10.txt depuis http://localhost:8082/api/batches/source
2026-09-16 15:24:22 [http-nio-8083-exec-3] DEBUG c.m.treatment.client.McoClient - Recuperation des deposits du fichier source MCOtools-25062026_14h10.txt depuis http://localhost:8082/api/deposits/source
2026-09-16 15:24:22 [http-nio-8083-exec-3] INFO  c.m.t.rules.TreatmentRulesService - Rapport de traitement genere (source=MCOtools-25062026_14h10.txt) : 144 ligne(s)
2026-09-16 15:24:22 [http-nio-8083-exec-3] INFO  c.m.treatment.rules.PdfReportService - Rapport PDF genere : 144 ligne(s), 10 page(s)
2026-09-16 15:24:22 [http-nio-8083-exec-3] INFO  c.m.t.controller.RapportController - GET /rapportTraitement/pdf - PDF genere (144 ligne(s), 11586 octets)
2026-09-16 15:24:24 [http-nio-8083-exec-5] DEBUG c.m.t.controller.RapportController - GET /rapportTraitement/pdf - generation du rapport PDF demandee (sourceFile=MCOtools-26062026_14h00.txt)
2026-09-16 15:24:24 [http-nio-8083-exec-5] DEBUG c.m.treatment.client.McoClient - Recuperation des requests du fichier source MCOtools-26062026_14h00.txt depuis http://localhost:8082/api/requests/source
2026-09-16 15:24:25 [http-nio-8083-exec-5] DEBUG c.m.treatment.client.McoClient - Recuperation des requests du fichier source MCOtools-26062026_14h00.txt depuis http://localhost:8082/api/requests/source
2026-09-16 15:24:25 [http-nio-8083-exec-5] DEBUG c.m.treatment.client.McoClient - Recuperation des requests du fichier source MCOtools-26062026_14h00.txt depuis http://localhost:8082/api/requests/source
2026-09-16 15:24:25 [http-nio-8083-exec-5] DEBUG c.m.treatment.client.McoClient - Recuperation des requests du fichier source MCOtools-26062026_14h00.txt depuis http://localhost:8082/api/requests/source
2026-09-16 15:24:25 [http-nio-8083-exec-5] DEBUG c.m.treatment.client.McoClient - Recuperation des requests du fichier source MCOtools-26062026_14h00.txt depuis http://localhost:8082/api/requests/source
2026-09-16 15:24:25 [http-nio-8083-exec-5] DEBUG c.m.treatment.client.McoClient - Recuperation du request 174433354 depuis http://localhost:8082/api/requests
2026-09-16 15:24:25 [http-nio-8083-exec-5] DEBUG c.m.treatment.client.McoClient - Recuperation des batches du fichier source MCOtools-26062026_14h00.txt depuis http://localhost:8082/api/batches/source
2026-09-16 15:24:25 [http-nio-8083-exec-5] DEBUG c.m.treatment.client.McoClient - Recuperation des deposits du fichier source MCOtools-26062026_14h00.txt depuis http://localhost:8082/api/deposits/source
2026-09-16 15:24:25 [http-nio-8083-exec-5] INFO  c.m.t.rules.TreatmentRulesService - Rapport de traitement genere (source=MCOtools-26062026_14h00.txt) : 270 ligne(s)
2026-09-16 15:24:25 [http-nio-8083-exec-5] INFO  c.m.treatment.rules.PdfReportService - Rapport PDF genere : 270 ligne(s), 18 page(s)
2026-09-16 15:24:25 [http-nio-8083-exec-5] INFO  c.m.t.controller.RapportController - GET /rapportTraitement/pdf - PDF genere (270 ligne(s), 20198 octets)
2026-09-16 15:24:25 [http-nio-8083-exec-6] DEBUG c.m.t.controller.RapportController - GET /rapportTraitement/pdf - generation du rapport PDF demandee (sourceFile=MCOtools_20260624.txt)
2026-09-16 15:24:25 [http-nio-8083-exec-6] DEBUG c.m.treatment.client.McoClient - Recuperation des requests du fichier source MCOtools_20260624.txt depuis http://localhost:8082/api/requests/source
2026-09-16 15:24:25 [http-nio-8083-exec-6] DEBUG c.m.treatment.client.McoClient - Recuperation des requests du fichier source MCOtools_20260624.txt depuis http://localhost:8082/api/requests/source
2026-09-16 15:24:26 [http-nio-8083-exec-6] DEBUG c.m.treatment.client.McoClient - Recuperation des requests du fichier source MCOtools_20260624.txt depuis http://localhost:8082/api/requests/source
2026-09-16 15:24:26 [http-nio-8083-exec-6] DEBUG c.m.treatment.client.McoClient - Recuperation des requests du fichier source MCOtools_20260624.txt depuis http://localhost:8082/api/requests/source
2026-09-16 15:24:26 [http-nio-8083-exec-6] DEBUG c.m.treatment.client.McoClient - Recuperation des requests du fichier source MCOtools_20260624.txt depuis http://localhost:8082/api/requests/source
2026-09-16 15:24:26 [http-nio-8083-exec-6] DEBUG c.m.treatment.client.McoClient - Recuperation des batches du fichier source MCOtools_20260624.txt depuis http://localhost:8082/api/batches/source
2026-09-16 15:24:26 [http-nio-8083-exec-6] DEBUG c.m.treatment.client.McoClient - Recuperation des deposits du fichier source MCOtools_20260624.txt depuis http://localhost:8082/api/deposits/source
2026-09-16 15:24:26 [http-nio-8083-exec-6] INFO  c.m.t.rules.TreatmentRulesService - Rapport de traitement genere (source=MCOtools_20260624.txt) : 103 ligne(s)
2026-09-16 15:24:26 [http-nio-8083-exec-6] INFO  c.m.treatment.rules.PdfReportService - Rapport PDF genere : 103 ligne(s), 7 page(s)
2026-09-16 15:24:26 [http-nio-8083-exec-6] INFO  c.m.t.controller.RapportController - GET /rapportTraitement/pdf - PDF genere (103 ligne(s), 7952 octets)
2026-09-16 15:24:27 [http-nio-8083-exec-9] DEBUG c.m.t.controller.RapportController - GET /rapportTraitement/pdf - generation du rapport PDF demandee (sourceFile=MCOtools_20260629-01.txt)
2026-09-16 15:24:27 [http-nio-8083-exec-9] DEBUG c.m.treatment.client.McoClient - Recuperation des requests du fichier source MCOtools_20260629-01.txt depuis http://localhost:8082/api/requests/source
2026-09-16 15:24:27 [http-nio-8083-exec-9] DEBUG c.m.treatment.client.McoClient - Recuperation des requests du fichier source MCOtools_20260629-01.txt depuis http://localhost:8082/api/requests/source
2026-09-16 15:24:27 [http-nio-8083-exec-9] DEBUG c.m.treatment.client.McoClient - Recuperation des requests du fichier source MCOtools_20260629-01.txt depuis http://localhost:8082/api/requests/source
2026-09-16 15:24:27 [http-nio-8083-exec-9] DEBUG c.m.treatment.client.McoClient - Recuperation des requests du fichier source MCOtools_20260629-01.txt depuis http://localhost:8082/api/requests/source
2026-09-16 15:24:27 [http-nio-8083-exec-9] DEBUG c.m.treatment.client.McoClient - Recuperation des requests du fichier source MCOtools_20260629-01.txt depuis http://localhost:8082/api/requests/source
2026-09-16 15:24:27 [http-nio-8083-exec-9] DEBUG c.m.treatment.client.McoClient - Recuperation du request 174535829 depuis http://localhost:8082/api/requests
2026-09-16 15:24:27 [http-nio-8083-exec-9] DEBUG c.m.treatment.client.McoClient - Recuperation du request 174564196 depuis http://localhost:8082/api/requests
2026-09-16 15:24:27 [http-nio-8083-exec-9] DEBUG c.m.treatment.client.McoClient - Recuperation du request 174568087 depuis http://localhost:8082/api/requests
2026-09-16 15:24:27 [http-nio-8083-exec-9] DEBUG c.m.treatment.client.McoClient - Recuperation du request 174498172 depuis http://localhost:8082/api/requests
2026-09-16 15:24:27 [http-nio-8083-exec-9] DEBUG c.m.treatment.client.McoClient - Recuperation des batches du fichier source MCOtools_20260629-01.txt depuis http://localhost:8082/api/batches/source
2026-09-16 15:24:27 [http-nio-8083-exec-9] DEBUG c.m.treatment.client.McoClient - Recuperation des deposits du fichier source MCOtools_20260629-01.txt depuis http://localhost:8082/api/deposits/source
2026-09-16 15:24:27 [http-nio-8083-exec-9] INFO  c.m.t.rules.TreatmentRulesService - Rapport de traitement genere (source=MCOtools_20260629-01.txt) : 102 ligne(s)
2026-09-16 15:24:27 [http-nio-8083-exec-9] INFO  c.m.treatment.rules.PdfReportService - Rapport PDF genere : 102 ligne(s), 7 page(s)
2026-09-16 15:24:27 [http-nio-8083-exec-9] INFO  c.m.t.controller.RapportController - GET /rapportTraitement/pdf - PDF genere (102 ligne(s), 8743 octets)
2026-09-16 15:24:34 [http-nio-8083-exec-1] DEBUG c.m.t.controller.RapportController - GET /rapportTraitement/pdf - generation du rapport PDF demandee (sourceFile=MCOtools_20260629.txt)
2026-09-16 15:24:34 [http-nio-8083-exec-1] DEBUG c.m.treatment.client.McoClient - Recuperation des requests du fichier source MCOtools_20260629.txt depuis http://localhost:8082/api/requests/source
2026-09-16 15:24:34 [http-nio-8083-exec-1] DEBUG c.m.treatment.client.McoClient - Recuperation des requests du fichier source MCOtools_20260629.txt depuis http://localhost:8082/api/requests/source
2026-09-16 15:24:34 [http-nio-8083-exec-1] DEBUG c.m.treatment.client.McoClient - Recuperation des requests du fichier source MCOtools_20260629.txt depuis http://localhost:8082/api/requests/source
2026-09-16 15:24:34 [http-nio-8083-exec-1] DEBUG c.m.treatment.client.McoClient - Recuperation des requests du fichier source MCOtools_20260629.txt depuis http://localhost:8082/api/requests/source
2026-09-16 15:24:34 [http-nio-8083-exec-1] DEBUG c.m.treatment.client.McoClient - Recuperation des requests du fichier source MCOtools_20260629.txt depuis http://localhost:8082/api/requests/source
2026-09-16 15:24:34 [http-nio-8083-exec-1] DEBUG c.m.treatment.client.McoClient - Recuperation du request 174511504 depuis http://localhost:8082/api/requests
2026-09-16 15:24:34 [http-nio-8083-exec-1] DEBUG c.m.treatment.client.McoClient - Recuperation du request 174512250 depuis http://localhost:8082/api/requests
2026-09-16 15:24:34 [http-nio-8083-exec-1] DEBUG c.m.treatment.client.McoClient - Recuperation du request 174541317 depuis http://localhost:8082/api/requests
2026-09-16 15:24:34 [http-nio-8083-exec-1] DEBUG c.m.treatment.client.McoClient - Recuperation du request 174498172 depuis http://localhost:8082/api/requests
2026-09-16 15:24:34 [http-nio-8083-exec-1] DEBUG c.m.treatment.client.McoClient - Recuperation des batches du fichier source MCOtools_20260629.txt depuis http://localhost:8082/api/batches/source
2026-09-16 15:24:34 [http-nio-8083-exec-1] DEBUG c.m.treatment.client.McoClient - Recuperation des deposits du fichier source MCOtools_20260629.txt depuis http://localhost:8082/api/deposits/source
2026-09-16 15:24:34 [http-nio-8083-exec-1] INFO  c.m.t.rules.TreatmentRulesService - Rapport de traitement genere (source=MCOtools_20260629.txt) : 521 ligne(s)
2026-09-16 15:24:34 [http-nio-8083-exec-1] INFO  c.m.treatment.rules.PdfReportService - Rapport PDF genere : 521 ligne(s), 33 page(s)
2026-09-16 15:24:34 [http-nio-8083-exec-1] INFO  c.m.t.controller.RapportController - GET /rapportTraitement/pdf - PDF genere (521 ligne(s), 37041 octets)
2026-09-16 15:24:35 [http-nio-8083-exec-3] DEBUG c.m.t.controller.RapportController - GET /rapportTraitement/pdf - generation du rapport PDF demandee (sourceFile=MCOtools_23062026-01.txt)
2026-09-16 15:24:35 [http-nio-8083-exec-3] DEBUG c.m.treatment.client.McoClient - Recuperation des requests du fichier source MCOtools_23062026-01.txt depuis http://localhost:8082/api/requests/source
2026-09-16 15:24:35 [http-nio-8083-exec-3] DEBUG c.m.treatment.client.McoClient - Recuperation des requests du fichier source MCOtools_23062026-01.txt depuis http://localhost:8082/api/requests/source
2026-09-16 15:24:35 [http-nio-8083-exec-3] DEBUG c.m.treatment.client.McoClient - Recuperation des requests du fichier source MCOtools_23062026-01.txt depuis http://localhost:8082/api/requests/source
2026-09-16 15:24:35 [http-nio-8083-exec-3] DEBUG c.m.treatment.client.McoClient - Recuperation des requests du fichier source MCOtools_23062026-01.txt depuis http://localhost:8082/api/requests/source
2026-09-16 15:24:36 [http-nio-8083-exec-3] DEBUG c.m.treatment.client.McoClient - Recuperation des requests du fichier source MCOtools_23062026-01.txt depuis http://localhost:8082/api/requests/source
2026-09-16 15:24:36 [http-nio-8083-exec-3] DEBUG c.m.treatment.client.McoClient - Recuperation du request 174254026 depuis http://localhost:8082/api/requests
2026-09-16 15:24:36 [http-nio-8083-exec-3] DEBUG c.m.treatment.client.McoClient - Recuperation du request 174247023 depuis http://localhost:8082/api/requests
2026-09-16 15:24:36 [http-nio-8083-exec-3] DEBUG c.m.treatment.client.McoClient - Recuperation du request 174248845 depuis http://localhost:8082/api/requests
2026-09-16 15:24:36 [http-nio-8083-exec-3] DEBUG c.m.treatment.client.McoClient - Recuperation du request 174248854 depuis http://localhost:8082/api/requests
2026-09-16 15:24:36 [http-nio-8083-exec-3] DEBUG c.m.treatment.client.McoClient - Recuperation du request 174248856 depuis http://localhost:8082/api/requests
2026-09-16 15:24:36 [http-nio-8083-exec-3] DEBUG c.m.treatment.client.McoClient - Recuperation du request 174248860 depuis http://localhost:8082/api/requests
2026-09-16 15:24:36 [http-nio-8083-exec-3] DEBUG c.m.treatment.client.McoClient - Recuperation du request 174248863 depuis http://localhost:8082/api/requests
2026-09-16 15:24:36 [http-nio-8083-exec-3] DEBUG c.m.treatment.client.McoClient - Recuperation du request 174248868 depuis http://localhost:8082/api/requests
2026-09-16 15:24:36 [http-nio-8083-exec-3] DEBUG c.m.treatment.client.McoClient - Recuperation du request 174248871 depuis http://localhost:8082/api/requests
2026-09-16 15:24:36 [http-nio-8083-exec-3] DEBUG c.m.treatment.client.McoClient - Recuperation du request 174248872 depuis http://localhost:8082/api/requests
2026-09-16 15:24:36 [http-nio-8083-exec-3] DEBUG c.m.treatment.client.McoClient - Recuperation du request 174248876 depuis http://localhost:8082/api/requests
2026-09-16 15:24:36 [http-nio-8083-exec-3] DEBUG c.m.treatment.client.McoClient - Recuperation du request 174251132 depuis http://localhost:8082/api/requests
2026-09-16 15:24:36 [http-nio-8083-exec-3] DEBUG c.m.treatment.client.McoClient - Recuperation du request 174251133 depuis http://localhost:8082/api/requests
2026-09-16 15:24:36 [http-nio-8083-exec-3] DEBUG c.m.treatment.client.McoClient - Recuperation du request 174251139 depuis http://localhost:8082/api/requests
2026-09-16 15:24:36 [http-nio-8083-exec-3] DEBUG c.m.treatment.client.McoClient - Recuperation du request 174251149 depuis http://localhost:8082/api/requests
2026-09-16 15:24:36 [http-nio-8083-exec-3] DEBUG c.m.treatment.client.McoClient - Recuperation du request 174251160 depuis http://localhost:8082/api/requests
2026-09-16 15:24:36 [http-nio-8083-exec-3] DEBUG c.m.treatment.client.McoClient - Recuperation du request 174251172 depuis http://localhost:8082/api/requests
2026-09-16 15:24:36 [http-nio-8083-exec-3] DEBUG c.m.treatment.client.McoClient - Recuperation du request 174251176 depuis http://localhost:8082/api/requests
2026-09-16 15:24:36 [http-nio-8083-exec-3] DEBUG c.m.treatment.client.McoClient - Recuperation du request 174253929 depuis http://localhost:8082/api/requests
2026-09-16 15:24:36 [http-nio-8083-exec-3] DEBUG c.m.treatment.client.McoClient - Recuperation du request 174253936 depuis http://localhost:8082/api/requests
2026-09-16 15:24:36 [http-nio-8083-exec-3] DEBUG c.m.treatment.client.McoClient - Recuperation du request 174247003 depuis http://localhost:8082/api/requests
2026-09-16 15:24:36 [http-nio-8083-exec-3] DEBUG c.m.treatment.client.McoClient - Recuperation du request 174247002 depuis http://localhost:8082/api/requests
2026-09-16 15:24:36 [http-nio-8083-exec-3] DEBUG c.m.treatment.client.McoClient - Recuperation du request 174246998 depuis http://localhost:8082/api/requests
2026-09-16 15:24:36 [http-nio-8083-exec-3] DEBUG c.m.treatment.client.McoClient - Recuperation du request 174295000 depuis http://localhost:8082/api/requests
2026-09-16 15:24:36 [http-nio-8083-exec-3] DEBUG c.m.treatment.client.McoClient - Recuperation du request 174246979 depuis http://localhost:8082/api/requests
2026-09-16 15:24:36 [http-nio-8083-exec-3] DEBUG c.m.treatment.client.McoClient - Recuperation du request 174254006 depuis http://localhost:8082/api/requests
2026-09-16 15:24:36 [http-nio-8083-exec-3] DEBUG c.m.treatment.client.McoClient - Recuperation du request 174254008 depuis http://localhost:8082/api/requests
2026-09-16 15:24:36 [http-nio-8083-exec-3] DEBUG c.m.treatment.client.McoClient - Recuperation du request 174254038 depuis http://localhost:8082/api/requests
2026-09-16 15:24:36 [http-nio-8083-exec-3] DEBUG c.m.treatment.client.McoClient - Recuperation du request 174256471 depuis http://localhost:8082/api/requests
2026-09-16 15:24:36 [http-nio-8083-exec-3] DEBUG c.m.treatment.client.McoClient - Recuperation du request 174256554 depuis http://localhost:8082/api/requests
2026-09-16 15:24:36 [http-nio-8083-exec-3] DEBUG c.m.treatment.client.McoClient - Recuperation du request 174256561 depuis http://localhost:8082/api/requests
2026-09-16 15:24:36 [http-nio-8083-exec-3] DEBUG c.m.treatment.client.McoClient - Recuperation du request 174258055 depuis http://localhost:8082/api/requests
2026-09-16 15:24:36 [http-nio-8083-exec-3] DEBUG c.m.treatment.client.McoClient - Recuperation du request 174246942 depuis http://localhost:8082/api/requests
2026-09-16 15:24:36 [http-nio-8083-exec-3] DEBUG c.m.treatment.client.McoClient - Recuperation du request 174253978 depuis http://localhost:8082/api/requests
2026-09-16 15:24:36 [http-nio-8083-exec-3] DEBUG c.m.treatment.client.McoClient - Recuperation du request 174253982 depuis http://localhost:8082/api/requests
2026-09-16 15:24:36 [http-nio-8083-exec-3] DEBUG c.m.treatment.client.McoClient - Recuperation du request 174253999 depuis http://localhost:8082/api/requests
2026-09-16 15:24:36 [http-nio-8083-exec-3] DEBUG c.m.treatment.client.McoClient - Recuperation du request 174253955 depuis http://localhost:8082/api/requests
2026-09-16 15:24:36 [http-nio-8083-exec-3] DEBUG c.m.treatment.client.McoClient - Recuperation du request 174253965 depuis http://localhost:8082/api/requests
2026-09-16 15:24:36 [http-nio-8083-exec-3] DEBUG c.m.treatment.client.McoClient - Recuperation du request 174256538 depuis http://localhost:8082/api/requests
2026-09-16 15:24:36 [http-nio-8083-exec-3] DEBUG c.m.treatment.client.McoClient - Recuperation du request 174251130 depuis http://localhost:8082/api/requests
2026-09-16 15:24:36 [http-nio-8083-exec-3] DEBUG c.m.treatment.client.McoClient - Recuperation du request 174251175 depuis http://localhost:8082/api/requests
2026-09-16 15:24:36 [http-nio-8083-exec-3] DEBUG c.m.treatment.client.McoClient - Recuperation du request 174251170 depuis http://localhost:8082/api/requests
2026-09-16 15:24:36 [http-nio-8083-exec-3] DEBUG c.m.treatment.client.McoClient - Recuperation du request 174248858 depuis http://localhost:8082/api/requests
2026-09-16 15:24:36 [http-nio-8083-exec-3] DEBUG c.m.treatment.client.McoClient - Recuperation des batches du fichier source MCOtools_23062026-01.txt depuis http://localhost:8082/api/batches/source
2026-09-16 15:24:36 [http-nio-8083-exec-3] DEBUG c.m.treatment.client.McoClient - Recuperation des deposits du fichier source MCOtools_23062026-01.txt depuis http://localhost:8082/api/deposits/source
2026-09-16 15:24:36 [http-nio-8083-exec-3] INFO  c.m.t.rules.TreatmentRulesService - Rapport de traitement genere (source=MCOtools_23062026-01.txt) : 57 ligne(s)
2026-09-16 15:24:36 [http-nio-8083-exec-3] INFO  c.m.treatment.rules.PdfReportService - Rapport PDF genere : 57 ligne(s), 6 page(s)
2026-09-16 15:24:36 [http-nio-8083-exec-3] INFO  c.m.t.controller.RapportController - GET /rapportTraitement/pdf - PDF genere (57 ligne(s), 7851 octets)
2026-09-16 15:24:37 [http-nio-8083-exec-5] DEBUG c.m.t.controller.RapportController - GET /rapportTraitement/pdf - generation du rapport PDF demandee (sourceFile=MCOtools_23062026.txt)
2026-09-16 15:24:37 [http-nio-8083-exec-5] DEBUG c.m.treatment.client.McoClient - Recuperation des requests du fichier source MCOtools_23062026.txt depuis http://localhost:8082/api/requests/source
2026-09-16 15:24:37 [http-nio-8083-exec-5] DEBUG c.m.treatment.client.McoClient - Recuperation des requests du fichier source MCOtools_23062026.txt depuis http://localhost:8082/api/requests/source
2026-09-16 15:24:37 [http-nio-8083-exec-5] DEBUG c.m.treatment.client.McoClient - Recuperation des requests du fichier source MCOtools_23062026.txt depuis http://localhost:8082/api/requests/source
2026-09-16 15:24:37 [http-nio-8083-exec-5] DEBUG c.m.treatment.client.McoClient - Recuperation des requests du fichier source MCOtools_23062026.txt depuis http://localhost:8082/api/requests/source
2026-09-16 15:24:37 [http-nio-8083-exec-5] DEBUG c.m.treatment.client.McoClient - Recuperation des requests du fichier source MCOtools_23062026.txt depuis http://localhost:8082/api/requests/source
2026-09-16 15:24:37 [http-nio-8083-exec-5] DEBUG c.m.treatment.client.McoClient - Recuperation du request 174254026 depuis http://localhost:8082/api/requests
2026-09-16 15:24:37 [http-nio-8083-exec-5] DEBUG c.m.treatment.client.McoClient - Recuperation du request 174246979 depuis http://localhost:8082/api/requests
2026-09-16 15:24:37 [http-nio-8083-exec-5] DEBUG c.m.treatment.client.McoClient - Recuperation du request 174295000 depuis http://localhost:8082/api/requests
2026-09-16 15:24:37 [http-nio-8083-exec-5] DEBUG c.m.treatment.client.McoClient - Recuperation du request 174246998 depuis http://localhost:8082/api/requests
2026-09-16 15:24:37 [http-nio-8083-exec-5] DEBUG c.m.treatment.client.McoClient - Recuperation du request 174247002 depuis http://localhost:8082/api/requests
2026-09-16 15:24:37 [http-nio-8083-exec-5] DEBUG c.m.treatment.client.McoClient - Recuperation du request 174247003 depuis http://localhost:8082/api/requests
2026-09-16 15:24:37 [http-nio-8083-exec-5] DEBUG c.m.treatment.client.McoClient - Recuperation du request 174247023 depuis http://localhost:8082/api/requests
2026-09-16 15:24:37 [http-nio-8083-exec-5] DEBUG c.m.treatment.client.McoClient - Recuperation du request 174248845 depuis http://localhost:8082/api/requests
2026-09-16 15:24:37 [http-nio-8083-exec-5] DEBUG c.m.treatment.client.McoClient - Recuperation du request 174248854 depuis http://localhost:8082/api/requests
2026-09-16 15:24:37 [http-nio-8083-exec-5] DEBUG c.m.treatment.client.McoClient - Recuperation du request 174248856 depuis http://localhost:8082/api/requests
2026-09-16 15:24:37 [http-nio-8083-exec-5] DEBUG c.m.treatment.client.McoClient - Recuperation du request 174248860 depuis http://localhost:8082/api/requests
2026-09-16 15:24:37 [http-nio-8083-exec-5] DEBUG c.m.treatment.client.McoClient - Recuperation du request 174248863 depuis http://localhost:8082/api/requests
2026-09-16 15:24:37 [http-nio-8083-exec-5] DEBUG c.m.treatment.client.McoClient - Recuperation du request 174248868 depuis http://localhost:8082/api/requests
2026-09-16 15:24:37 [http-nio-8083-exec-5] DEBUG c.m.treatment.client.McoClient - Recuperation du request 174248871 depuis http://localhost:8082/api/requests
2026-09-16 15:24:37 [http-nio-8083-exec-5] DEBUG c.m.treatment.client.McoClient - Recuperation du request 174248872 depuis http://localhost:8082/api/requests
2026-09-16 15:24:37 [http-nio-8083-exec-5] DEBUG c.m.treatment.client.McoClient - Recuperation du request 174248876 depuis http://localhost:8082/api/requests
2026-09-16 15:24:37 [http-nio-8083-exec-5] DEBUG c.m.treatment.client.McoClient - Recuperation du request 174251132 depuis http://localhost:8082/api/requests
2026-09-16 15:24:37 [http-nio-8083-exec-5] DEBUG c.m.treatment.client.McoClient - Recuperation du request 174251133 depuis http://localhost:8082/api/requests
2026-09-16 15:24:37 [http-nio-8083-exec-5] DEBUG c.m.treatment.client.McoClient - Recuperation du request 174251139 depuis http://localhost:8082/api/requests
2026-09-16 15:24:37 [http-nio-8083-exec-5] DEBUG c.m.treatment.client.McoClient - Recuperation du request 174251149 depuis http://localhost:8082/api/requests
2026-09-16 15:24:37 [http-nio-8083-exec-5] DEBUG c.m.treatment.client.McoClient - Recuperation du request 174251160 depuis http://localhost:8082/api/requests
2026-09-16 15:24:37 [http-nio-8083-exec-5] DEBUG c.m.treatment.client.McoClient - Recuperation du request 174251172 depuis http://localhost:8082/api/requests
2026-09-16 15:24:37 [http-nio-8083-exec-5] DEBUG c.m.treatment.client.McoClient - Recuperation du request 174251176 depuis http://localhost:8082/api/requests
2026-09-16 15:24:37 [http-nio-8083-exec-5] DEBUG c.m.treatment.client.McoClient - Recuperation du request 174253929 depuis http://localhost:8082/api/requests
2026-09-16 15:24:37 [http-nio-8083-exec-5] DEBUG c.m.treatment.client.McoClient - Recuperation du request 174253936 depuis http://localhost:8082/api/requests
2026-09-16 15:24:37 [http-nio-8083-exec-5] DEBUG c.m.treatment.client.McoClient - Recuperation du request 174278171 depuis http://localhost:8082/api/requests
2026-09-16 15:24:37 [http-nio-8083-exec-5] DEBUG c.m.treatment.client.McoClient - Recuperation du request 174281817 depuis http://localhost:8082/api/requests
2026-09-16 15:24:37 [http-nio-8083-exec-5] DEBUG c.m.treatment.client.McoClient - Recuperation du request 174283115 depuis http://localhost:8082/api/requests
2026-09-16 15:24:37 [http-nio-8083-exec-5] DEBUG c.m.treatment.client.McoClient - Recuperation du request 174296196 depuis http://localhost:8082/api/requests
2026-09-16 15:24:37 [http-nio-8083-exec-5] DEBUG c.m.treatment.client.McoClient - Recuperation du request 174284635 depuis http://localhost:8082/api/requests
2026-09-16 15:24:37 [http-nio-8083-exec-5] DEBUG c.m.treatment.client.McoClient - Recuperation du request 174284636 depuis http://localhost:8082/api/requests
2026-09-16 15:24:37 [http-nio-8083-exec-5] DEBUG c.m.treatment.client.McoClient - Recuperation du request 174246942 depuis http://localhost:8082/api/requests
2026-09-16 15:24:37 [http-nio-8083-exec-5] DEBUG c.m.treatment.client.McoClient - Recuperation du request 174253978 depuis http://localhost:8082/api/requests
2026-09-16 15:24:37 [http-nio-8083-exec-5] DEBUG c.m.treatment.client.McoClient - Recuperation du request 174253982 depuis http://localhost:8082/api/requests
2026-09-16 15:24:37 [http-nio-8083-exec-5] DEBUG c.m.treatment.client.McoClient - Recuperation du request 174253999 depuis http://localhost:8082/api/requests
2026-09-16 15:24:37 [http-nio-8083-exec-5] DEBUG c.m.treatment.client.McoClient - Recuperation du request 174254006 depuis http://localhost:8082/api/requests
2026-09-16 15:24:37 [http-nio-8083-exec-5] DEBUG c.m.treatment.client.McoClient - Recuperation du request 174254008 depuis http://localhost:8082/api/requests
2026-09-16 15:24:37 [http-nio-8083-exec-5] DEBUG c.m.treatment.client.McoClient - Recuperation du request 174254038 depuis http://localhost:8082/api/requests
2026-09-16 15:24:37 [http-nio-8083-exec-5] DEBUG c.m.treatment.client.McoClient - Recuperation du request 174256471 depuis http://localhost:8082/api/requests
2026-09-16 15:24:37 [http-nio-8083-exec-5] DEBUG c.m.treatment.client.McoClient - Recuperation du request 174256554 depuis http://localhost:8082/api/requests
2026-09-16 15:24:37 [http-nio-8083-exec-5] DEBUG c.m.treatment.client.McoClient - Recuperation du request 174256561 depuis http://localhost:8082/api/requests
2026-09-16 15:24:37 [http-nio-8083-exec-5] DEBUG c.m.treatment.client.McoClient - Recuperation du request 174258055 depuis http://localhost:8082/api/requests
2026-09-16 15:24:37 [http-nio-8083-exec-5] DEBUG c.m.treatment.client.McoClient - Recuperation du request 174284680 depuis http://localhost:8082/api/requests
2026-09-16 15:24:37 [http-nio-8083-exec-5] DEBUG c.m.treatment.client.McoClient - Recuperation du request 174284824 depuis http://localhost:8082/api/requests
2026-09-16 15:24:37 [http-nio-8083-exec-5] DEBUG c.m.treatment.client.McoClient - Recuperation du request 174285085 depuis http://localhost:8082/api/requests
2026-09-16 15:24:37 [http-nio-8083-exec-5] DEBUG c.m.treatment.client.McoClient - Recuperation du request 174287083 depuis http://localhost:8082/api/requests
2026-09-16 15:24:37 [http-nio-8083-exec-5] DEBUG c.m.treatment.client.McoClient - Recuperation du request 174288158 depuis http://localhost:8082/api/requests
2026-09-16 15:24:37 [http-nio-8083-exec-5] DEBUG c.m.treatment.client.McoClient - Recuperation du request 174288640 depuis http://localhost:8082/api/requests
2026-09-16 15:24:37 [http-nio-8083-exec-5] DEBUG c.m.treatment.client.McoClient - Recuperation du request 174289190 depuis http://localhost:8082/api/requests
2026-09-16 15:24:37 [http-nio-8083-exec-5] DEBUG c.m.treatment.client.McoClient - Recuperation du request 174290013 depuis http://localhost:8082/api/requests
2026-09-16 15:24:37 [http-nio-8083-exec-5] DEBUG c.m.treatment.client.McoClient - Recuperation du request 174290853 depuis http://localhost:8082/api/requests
2026-09-16 15:24:37 [http-nio-8083-exec-5] DEBUG c.m.treatment.client.McoClient - Recuperation du request 174291606 depuis http://localhost:8082/api/requests
2026-09-16 15:24:37 [http-nio-8083-exec-5] DEBUG c.m.treatment.client.McoClient - Recuperation du request 174292314 depuis http://localhost:8082/api/requests
2026-09-16 15:24:37 [http-nio-8083-exec-5] DEBUG c.m.treatment.client.McoClient - Recuperation du request 174292317 depuis http://localhost:8082/api/requests
2026-09-16 15:24:37 [http-nio-8083-exec-5] DEBUG c.m.treatment.client.McoClient - Recuperation du request 174292820 depuis http://localhost:8082/api/requests
2026-09-16 15:24:38 [http-nio-8083-exec-5] DEBUG c.m.treatment.client.McoClient - Recuperation du request 174292927 depuis http://localhost:8082/api/requests
2026-09-16 15:24:38 [http-nio-8083-exec-5] DEBUG c.m.treatment.client.McoClient - Recuperation du request 174292928 depuis http://localhost:8082/api/requests
2026-09-16 15:24:38 [http-nio-8083-exec-5] DEBUG c.m.treatment.client.McoClient - Recuperation du request 174296376 depuis http://localhost:8082/api/requests
2026-09-16 15:24:38 [http-nio-8083-exec-5] DEBUG c.m.treatment.client.McoClient - Recuperation du request 174299194 depuis http://localhost:8082/api/requests
2026-09-16 15:24:38 [http-nio-8083-exec-5] DEBUG c.m.treatment.client.McoClient - Recuperation du request 174299195 depuis http://localhost:8082/api/requests
2026-09-16 15:24:38 [http-nio-8083-exec-5] DEBUG c.m.treatment.client.McoClient - Recuperation du request 174299196 depuis http://localhost:8082/api/requests
2026-09-16 15:24:38 [http-nio-8083-exec-5] DEBUG c.m.treatment.client.McoClient - Recuperation du request 174299199 depuis http://localhost:8082/api/requests
2026-09-16 15:24:38 [http-nio-8083-exec-5] DEBUG c.m.treatment.client.McoClient - Recuperation du request 174299202 depuis http://localhost:8082/api/requests
2026-09-16 15:24:38 [http-nio-8083-exec-5] DEBUG c.m.treatment.client.McoClient - Recuperation du request 174299203 depuis http://localhost:8082/api/requests
2026-09-16 15:24:38 [http-nio-8083-exec-5] DEBUG c.m.treatment.client.McoClient - Recuperation du request 174299205 depuis http://localhost:8082/api/requests
2026-09-16 15:24:38 [http-nio-8083-exec-5] DEBUG c.m.treatment.client.McoClient - Recuperation du request 174299208 depuis http://localhost:8082/api/requests
2026-09-16 15:24:38 [http-nio-8083-exec-5] DEBUG c.m.treatment.client.McoClient - Recuperation du request 174299214 depuis http://localhost:8082/api/requests
2026-09-16 15:24:38 [http-nio-8083-exec-5] DEBUG c.m.treatment.client.McoClient - Recuperation du request 174299215 depuis http://localhost:8082/api/requests
2026-09-16 15:24:38 [http-nio-8083-exec-5] DEBUG c.m.treatment.client.McoClient - Recuperation du request 174299218 depuis http://localhost:8082/api/requests
2026-09-16 15:24:38 [http-nio-8083-exec-5] DEBUG c.m.treatment.client.McoClient - Recuperation du request 174299222 depuis http://localhost:8082/api/requests
2026-09-16 15:24:38 [http-nio-8083-exec-5] DEBUG c.m.treatment.client.McoClient - Recuperation du request 174299225 depuis http://localhost:8082/api/requests
2026-09-16 15:24:38 [http-nio-8083-exec-5] DEBUG c.m.treatment.client.McoClient - Recuperation du request 174299226 depuis http://localhost:8082/api/requests
2026-09-16 15:24:38 [http-nio-8083-exec-5] DEBUG c.m.treatment.client.McoClient - Recuperation du request 174299228 depuis http://localhost:8082/api/requests
2026-09-16 15:24:38 [http-nio-8083-exec-5] DEBUG c.m.treatment.client.McoClient - Recuperation du request 174299229 depuis http://localhost:8082/api/requests
2026-09-16 15:24:38 [http-nio-8083-exec-5] DEBUG c.m.treatment.client.McoClient - Recuperation du request 174299230 depuis http://localhost:8082/api/requests
2026-09-16 15:24:38 [http-nio-8083-exec-5] DEBUG c.m.treatment.client.McoClient - Recuperation du request 174299231 depuis http://localhost:8082/api/requests
2026-09-16 15:24:38 [http-nio-8083-exec-5] DEBUG c.m.treatment.client.McoClient - Recuperation du request 174299233 depuis http://localhost:8082/api/requests
2026-09-16 15:24:38 [http-nio-8083-exec-5] DEBUG c.m.treatment.client.McoClient - Recuperation du request 174299234 depuis http://localhost:8082/api/requests
2026-09-16 15:24:38 [http-nio-8083-exec-5] DEBUG c.m.treatment.client.McoClient - Recuperation du request 174299235 depuis http://localhost:8082/api/requests
2026-09-16 15:24:38 [http-nio-8083-exec-5] DEBUG c.m.treatment.client.McoClient - Recuperation du request 174299236 depuis http://localhost:8082/api/requests
2026-09-16 15:24:38 [http-nio-8083-exec-5] DEBUG c.m.treatment.client.McoClient - Recuperation du request 174299237 depuis http://localhost:8082/api/requests
2026-09-16 15:24:38 [http-nio-8083-exec-5] DEBUG c.m.treatment.client.McoClient - Recuperation du request 174299241 depuis http://localhost:8082/api/requests
2026-09-16 15:24:38 [http-nio-8083-exec-5] DEBUG c.m.treatment.client.McoClient - Recuperation du request 174299243 depuis http://localhost:8082/api/requests
2026-09-16 15:24:38 [http-nio-8083-exec-5] DEBUG c.m.treatment.client.McoClient - Recuperation du request 174299244 depuis http://localhost:8082/api/requests
2026-09-16 15:24:38 [http-nio-8083-exec-5] DEBUG c.m.treatment.client.McoClient - Recuperation du request 174299245 depuis http://localhost:8082/api/requests
2026-09-16 15:24:38 [http-nio-8083-exec-5] DEBUG c.m.treatment.client.McoClient - Recuperation du request 174299246 depuis http://localhost:8082/api/requests
2026-09-16 15:24:38 [http-nio-8083-exec-5] DEBUG c.m.treatment.client.McoClient - Recuperation du request 174299249 depuis http://localhost:8082/api/requests
2026-09-16 15:24:38 [http-nio-8083-exec-5] DEBUG c.m.treatment.client.McoClient - Recuperation du request 174299250 depuis http://localhost:8082/api/requests
2026-09-16 15:24:38 [http-nio-8083-exec-5] DEBUG c.m.treatment.client.McoClient - Recuperation du request 174253955 depuis http://localhost:8082/api/requests
2026-09-16 15:24:38 [http-nio-8083-exec-5] DEBUG c.m.treatment.client.McoClient - Recuperation du request 174297609 depuis http://localhost:8082/api/requests
2026-09-16 15:24:38 [http-nio-8083-exec-5] DEBUG c.m.treatment.client.McoClient - Recuperation du request 174299206 depuis http://localhost:8082/api/requests
2026-09-16 15:24:38 [http-nio-8083-exec-5] DEBUG c.m.treatment.client.McoClient - Recuperation du request 174299223 depuis http://localhost:8082/api/requests
2026-09-16 15:24:38 [http-nio-8083-exec-5] DEBUG c.m.treatment.client.McoClient - Recuperation du request 174299232 depuis http://localhost:8082/api/requests
2026-09-16 15:24:38 [http-nio-8083-exec-5] DEBUG c.m.treatment.client.McoClient - Recuperation du request 174299238 depuis http://localhost:8082/api/requests
2026-09-16 15:24:38 [http-nio-8083-exec-5] DEBUG c.m.treatment.client.McoClient - Recuperation du request 174299248 depuis http://localhost:8082/api/requests
2026-09-16 15:24:38 [http-nio-8083-exec-5] DEBUG c.m.treatment.client.McoClient - Recuperation du request 174248858 depuis http://localhost:8082/api/requests
2026-09-16 15:24:38 [http-nio-8083-exec-5] DEBUG c.m.treatment.client.McoClient - Recuperation du request 174251130 depuis http://localhost:8082/api/requests
2026-09-16 15:24:38 [http-nio-8083-exec-5] DEBUG c.m.treatment.client.McoClient - Recuperation du request 174251170 depuis http://localhost:8082/api/requests
2026-09-16 15:24:38 [http-nio-8083-exec-5] DEBUG c.m.treatment.client.McoClient - Recuperation du request 174251175 depuis http://localhost:8082/api/requests
2026-09-16 15:24:38 [http-nio-8083-exec-5] DEBUG c.m.treatment.client.McoClient - Recuperation du request 174253965 depuis http://localhost:8082/api/requests
2026-09-16 15:24:38 [http-nio-8083-exec-5] DEBUG c.m.treatment.client.McoClient - Recuperation du request 174256538 depuis http://localhost:8082/api/requests
2026-09-16 15:24:38 [http-nio-8083-exec-5] DEBUG c.m.treatment.client.McoClient - Recuperation des batches du fichier source MCOtools_23062026.txt depuis http://localhost:8082/api/batches/source
2026-09-16 15:24:38 [http-nio-8083-exec-5] DEBUG c.m.treatment.client.McoClient - Recuperation des deposits du fichier source MCOtools_23062026.txt depuis http://localhost:8082/api/deposits/source
2026-09-16 15:24:38 [http-nio-8083-exec-5] INFO  c.m.t.rules.TreatmentRulesService - Rapport de traitement genere (source=MCOtools_23062026.txt) : 133 ligne(s)
2026-09-16 15:24:38 [http-nio-8083-exec-5] INFO  c.m.treatment.rules.PdfReportService - Rapport PDF genere : 133 ligne(s), 14 page(s)
2026-09-16 15:24:38 [http-nio-8083-exec-5] INFO  c.m.t.controller.RapportController - GET /rapportTraitement/pdf - PDF genere (133 ligne(s), 16703 octets)
2026-09-16 15:24:39 [http-nio-8083-exec-6] DEBUG c.m.t.controller.RapportController - GET /rapportTraitement/pdf - generation du rapport PDF demandee (sourceFile=MCOtools_25062026.txt)
2026-09-16 15:24:39 [http-nio-8083-exec-6] DEBUG c.m.treatment.client.McoClient - Recuperation des requests du fichier source MCOtools_25062026.txt depuis http://localhost:8082/api/requests/source
2026-09-16 15:24:39 [http-nio-8083-exec-6] DEBUG c.m.treatment.client.McoClient - Recuperation des requests du fichier source MCOtools_25062026.txt depuis http://localhost:8082/api/requests/source
2026-09-16 15:24:39 [http-nio-8083-exec-6] DEBUG c.m.treatment.client.McoClient - Recuperation des requests du fichier source MCOtools_25062026.txt depuis http://localhost:8082/api/requests/source
2026-09-16 15:24:39 [http-nio-8083-exec-6] DEBUG c.m.treatment.client.McoClient - Recuperation des requests du fichier source MCOtools_25062026.txt depuis http://localhost:8082/api/requests/source
2026-09-16 15:24:39 [http-nio-8083-exec-6] DEBUG c.m.treatment.client.McoClient - Recuperation des requests du fichier source MCOtools_25062026.txt depuis http://localhost:8082/api/requests/source
2026-09-16 15:24:39 [http-nio-8083-exec-6] DEBUG c.m.treatment.client.McoClient - Recuperation du request 174406418 depuis http://localhost:8082/api/requests
2026-09-16 15:24:39 [http-nio-8083-exec-6] DEBUG c.m.treatment.client.McoClient - Recuperation des batches du fichier source MCOtools_25062026.txt depuis http://localhost:8082/api/batches/source
2026-09-16 15:24:39 [http-nio-8083-exec-6] DEBUG c.m.treatment.client.McoClient - Recuperation des deposits du fichier source MCOtools_25062026.txt depuis http://localhost:8082/api/deposits/source
2026-09-16 15:24:39 [http-nio-8083-exec-6] INFO  c.m.t.rules.TreatmentRulesService - Rapport de traitement genere (source=MCOtools_25062026.txt) : 157 ligne(s)
2026-09-16 15:24:39 [http-nio-8083-exec-6] INFO  c.m.treatment.rules.PdfReportService - Rapport PDF genere : 157 ligne(s), 10 page(s)
2026-09-16 15:24:39 [http-nio-8083-exec-6] INFO  c.m.t.controller.RapportController - GET /rapportTraitement/pdf - PDF genere (157 ligne(s), 12060 octets)
2026-09-16 15:25:18 [http-nio-8083-exec-9] DEBUG c.m.t.controller.RapportController - GET /rapportTraitement/pdf - generation du rapport PDF demandee (sourceFile=MCOtools_26062026-01.txt)
2026-09-16 15:25:18 [http-nio-8083-exec-9] DEBUG c.m.treatment.client.McoClient - Recuperation des requests du fichier source MCOtools_26062026-01.txt depuis http://localhost:8082/api/requests/source
2026-09-16 15:25:20 [http-nio-8083-exec-9] DEBUG c.m.treatment.client.McoClient - Recuperation des requests du fichier source MCOtools_26062026-01.txt depuis http://localhost:8082/api/requests/source
2026-09-16 15:25:22 [http-nio-8083-exec-9] DEBUG c.m.treatment.client.McoClient - Recuperation des requests du fichier source MCOtools_26062026-01.txt depuis http://localhost:8082/api/requests/source
2026-09-16 15:25:23 [http-nio-8083-exec-9] DEBUG c.m.treatment.client.McoClient - Recuperation des requests du fichier source MCOtools_26062026-01.txt depuis http://localhost:8082/api/requests/source
2026-09-16 15:25:25 [http-nio-8083-exec-9] DEBUG c.m.treatment.client.McoClient - Recuperation des requests du fichier source MCOtools_26062026-01.txt depuis http://localhost:8082/api/requests/source
2026-09-16 15:25:27 [http-nio-8083-exec-9] DEBUG c.m.treatment.client.McoClient - Recuperation du request 174478533 depuis http://localhost:8082/api/requests
2026-09-16 15:25:27 [http-nio-8083-exec-9] DEBUG c.m.treatment.client.McoClient - Recuperation du request 174478536 depuis http://localhost:8082/api/requests
2026-09-16 15:25:27 [http-nio-8083-exec-9] DEBUG c.m.treatment.client.McoClient - Recuperation du request 174478583 depuis http://localhost:8082/api/requests
2026-09-16 15:25:27 [http-nio-8083-exec-9] DEBUG c.m.treatment.client.McoClient - Recuperation du request 174478587 depuis http://localhost:8082/api/requests
2026-09-16 15:25:27 [http-nio-8083-exec-9] DEBUG c.m.treatment.client.McoClient - Recuperation du request 174478589 depuis http://localhost:8082/api/requests
2026-09-16 15:25:27 [http-nio-8083-exec-9] DEBUG c.m.treatment.client.McoClient - Recuperation du request 174478595 depuis http://localhost:8082/api/requests
2026-09-16 15:25:27 [http-nio-8083-exec-9] DEBUG c.m.treatment.client.McoClient - Recuperation du request 174478597 depuis http://localhost:8082/api/requests
2026-09-16 15:25:27 [http-nio-8083-exec-9] DEBUG c.m.treatment.client.McoClient - Recuperation du request 174478599 depuis http://localhost:8082/api/requests
2026-09-16 15:25:27 [http-nio-8083-exec-9] DEBUG c.m.treatment.client.McoClient - Recuperation du request 174478600 depuis http://localhost:8082/api/requests
2026-09-16 15:25:27 [http-nio-8083-exec-9] DEBUG c.m.treatment.client.McoClient - Recuperation du request 174478603 depuis http://localhost:8082/api/requests
2026-09-16 15:25:27 [http-nio-8083-exec-9] DEBUG c.m.treatment.client.McoClient - Recuperation du request 174478604 depuis http://localhost:8082/api/requests
2026-09-16 15:25:27 [http-nio-8083-exec-9] DEBUG c.m.treatment.client.McoClient - Recuperation du request 174478613 depuis http://localhost:8082/api/requests
2026-09-16 15:25:27 [http-nio-8083-exec-9] DEBUG c.m.treatment.client.McoClient - Recuperation du request 174478619 depuis http://localhost:8082/api/requests
2026-09-16 15:25:27 [http-nio-8083-exec-9] DEBUG c.m.treatment.client.McoClient - Recuperation du request 174478625 depuis http://localhost:8082/api/requests
2026-09-16 15:25:27 [http-nio-8083-exec-9] DEBUG c.m.treatment.client.McoClient - Recuperation du request 174478629 depuis http://localhost:8082/api/requests
2026-09-16 15:25:27 [http-nio-8083-exec-9] DEBUG c.m.treatment.client.McoClient - Recuperation du request 174478634 depuis http://localhost:8082/api/requests
2026-09-16 15:25:27 [http-nio-8083-exec-9] DEBUG c.m.treatment.client.McoClient - Recuperation du request 174419509 depuis http://localhost:8082/api/requests
2026-09-16 15:25:27 [http-nio-8083-exec-9] DEBUG c.m.treatment.client.McoClient - Recuperation du request 174419529 depuis http://localhost:8082/api/requests
2026-09-16 15:25:27 [http-nio-8083-exec-9] DEBUG c.m.treatment.client.McoClient - Recuperation du request 174419534 depuis http://localhost:8082/api/requests
2026-09-16 15:25:27 [http-nio-8083-exec-9] DEBUG c.m.treatment.client.McoClient - Recuperation du request 174422510 depuis http://localhost:8082/api/requests
2026-09-16 15:25:27 [http-nio-8083-exec-9] DEBUG c.m.treatment.client.McoClient - Recuperation du request 174422519 depuis http://localhost:8082/api/requests
2026-09-16 15:25:27 [http-nio-8083-exec-9] DEBUG c.m.treatment.client.McoClient - Recuperation du request 174422584 depuis http://localhost:8082/api/requests
2026-09-16 15:25:28 [http-nio-8083-exec-9] DEBUG c.m.treatment.client.McoClient - Recuperation du request 174422644 depuis http://localhost:8082/api/requests
2026-09-16 15:25:28 [http-nio-8083-exec-9] DEBUG c.m.treatment.client.McoClient - Recuperation du request 174422663 depuis http://localhost:8082/api/requests
2026-09-16 15:25:28 [http-nio-8083-exec-9] DEBUG c.m.treatment.client.McoClient - Recuperation du request 174422702 depuis http://localhost:8082/api/requests
2026-09-16 15:25:28 [http-nio-8083-exec-9] DEBUG c.m.treatment.client.McoClient - Recuperation du request 174422723 depuis http://localhost:8082/api/requests
2026-09-16 15:25:28 [http-nio-8083-exec-9] DEBUG c.m.treatment.client.McoClient - Recuperation du request 174426818 depuis http://localhost:8082/api/requests
2026-09-16 15:25:28 [http-nio-8083-exec-9] DEBUG c.m.treatment.client.McoClient - Recuperation du request 174426830 depuis http://localhost:8082/api/requests
2026-09-16 15:25:28 [http-nio-8083-exec-9] DEBUG c.m.treatment.client.McoClient - Recuperation du request 174426859 depuis http://localhost:8082/api/requests
2026-09-16 15:25:28 [http-nio-8083-exec-9] DEBUG c.m.treatment.client.McoClient - Recuperation du request 174426871 depuis http://localhost:8082/api/requests
2026-09-16 15:25:28 [http-nio-8083-exec-9] DEBUG c.m.treatment.client.McoClient - Recuperation du request 174426877 depuis http://localhost:8082/api/requests
2026-09-16 15:25:28 [http-nio-8083-exec-9] DEBUG c.m.treatment.client.McoClient - Recuperation du request 174430058 depuis http://localhost:8082/api/requests
2026-09-16 15:25:28 [http-nio-8083-exec-9] DEBUG c.m.treatment.client.McoClient - Recuperation du request 174430062 depuis http://localhost:8082/api/requests
2026-09-16 15:25:28 [http-nio-8083-exec-9] DEBUG c.m.treatment.client.McoClient - Recuperation du request 174430110 depuis http://localhost:8082/api/requests
2026-09-16 15:25:28 [http-nio-8083-exec-9] DEBUG c.m.treatment.client.McoClient - Recuperation du request 174430140 depuis http://localhost:8082/api/requests
2026-09-16 15:25:28 [http-nio-8083-exec-9] DEBUG c.m.treatment.client.McoClient - Recuperation du request 174478584 depuis http://localhost:8082/api/requests
2026-09-16 15:25:28 [http-nio-8083-exec-9] DEBUG c.m.treatment.client.McoClient - Recuperation du request 174478607 depuis http://localhost:8082/api/requests
2026-09-16 15:25:28 [http-nio-8083-exec-9] DEBUG c.m.treatment.client.McoClient - Recuperation du request 174419537 depuis http://localhost:8082/api/requests
2026-09-16 15:25:28 [http-nio-8083-exec-9] DEBUG c.m.treatment.client.McoClient - Recuperation du request 174426820 depuis http://localhost:8082/api/requests
2026-09-16 15:25:28 [http-nio-8083-exec-9] DEBUG c.m.treatment.client.McoClient - Recuperation du request 174476040 depuis http://localhost:8082/api/requests
2026-09-16 15:25:28 [http-nio-8083-exec-9] DEBUG c.m.treatment.client.McoClient - Recuperation des batches du fichier source MCOtools_26062026-01.txt depuis http://localhost:8082/api/batches/source
2026-09-16 15:25:28 [http-nio-8083-exec-9] DEBUG c.m.treatment.client.McoClient - Recuperation des deposits du fichier source MCOtools_26062026-01.txt depuis http://localhost:8082/api/deposits/source
2026-09-16 15:25:28 [http-nio-8083-exec-9] INFO  c.m.t.rules.TreatmentRulesService - Rapport de traitement genere (source=MCOtools_26062026-01.txt) : 221 ligne(s)
2026-09-16 15:25:28 [http-nio-8083-exec-9] INFO  c.m.treatment.rules.PdfReportService - Rapport PDF genere : 221 ligne(s), 17 page(s)
2026-09-16 15:25:28 [http-nio-8083-exec-9] INFO  c.m.t.controller.RapportController - GET /rapportTraitement/pdf - PDF genere (221 ligne(s), 19230 octets)
